10:12:09 **** Incremental Build of configuration Debug for project F-767ZI_testing ****
make -j12 all 
arm-none-eabi-gcc "../Core/Src/pumpInterface.c" -mcpu=cortex-m7 -std=gnu11 -g3 -DDEBUG -DUSE_HAL_DRIVER -DSTM32F767xx -c -I../Core/Inc -I../Drivers/STM32F7xx_HAL_Driver/Inc -I../Drivers/STM32F7xx_HAL_Driver/Inc/Legacy -I../Drivers/CMSIS/Device/ST/STM32F7xx/Include -I../Drivers/CMSIS/Include -O0 -ffunction-sections -fdata-sections -Wall -fstack-usage -fcyclomatic-complexity -MMD -MP -MF"Core/Src/pumpInterface.d" -MT"Core/Src/pumpInterface.o" --specs=nano.specs -mfpu=fpv5-d16 -mfloat-abi=hard -mthumb -o "Core/Src/pumpInterface.o"
arm-none-eabi-gcc -o "F-767ZI_testing.elf" @"objects.list"   -mcpu=cortex-m7 -T"C:\Users\oneju\STM32CubeIDE\seniorproject\stm_workplace\F-767ZI_testing\STM32F767ZITX_FLASH.ld" --specs=nosys.specs -Wl,-Map="F-767ZI_testing.map" -Wl,--gc-sections -static --specs=nano.specs -mfpu=fpv5-d16 -mfloat-abi=hard -mthumb -Wl,--start-group -lc -lm -Wl,--end-group
Finished building target: F-767ZI_testing.elf
 
arm-none-eabi-size  F-767ZI_testing.elf 
arm-none-eabi-objdump -h -S F-767ZI_testing.elf  > "F-767ZI_testing.list"
   text	   data	    bss	    dec	    hex	filename
  19132	    340	   3388	  22860	   594c	F-767ZI_testing.elf
Finished building: default.size.stdout
 
Finished building: F-767ZI_testing.list
 

10:12:10 Build Finished. 0 errors, 0 warnings. (took 1s.706ms)

