18:19:09 **** Incremental Build of configuration Debug for project F303k8_watch ****
make -j12 all 
arm-none-eabi-gcc "../Core/Src/main.c" -mcpu=cortex-m4 -std=gnu11 -g3 -DDEBUG -DUSE_HAL_DRIVER -DSTM32F303x8 -c -I../Core/Inc -I../Drivers/STM32F3xx_HAL_Driver/Inc -I../Drivers/STM32F3xx_HAL_Driver/Inc/Legacy -I../Drivers/CMSIS/Device/ST/STM32F3xx/Include -I../Drivers/CMSIS/Include -O0 -ffunction-sections -fdata-sections -Wall -fstack-usage -fcyclomatic-complexity -MMD -MP -MF"Core/Src/main.d" -MT"Core/Src/main.o" --specs=nano.specs -mfpu=fpv4-sp-d16 -mfloat-abi=hard -mthumb -o "Core/Src/main.o"
arm-none-eabi-gcc -o "F303k8_watch.elf" @"objects.list"   -mcpu=cortex-m4 -T"C:\Users\oneju\STM32CubeIDE\seniorproject\stm_workplace\F303k8_watch\STM32F303K8TX_FLASH.ld" --specs=nosys.specs -Wl,-Map="F303k8_watch.map" -Wl,--gc-sections -static --specs=nano.specs -mfpu=fpv4-sp-d16 -mfloat-abi=hard -mthumb -u _printf_float -Wl,--start-group -lc -lm -Wl,--end-group
Finished building target: F303k8_watch.elf
 
arm-none-eabi-size  F303k8_watch.elf 
arm-none-eabi-objdump -h -S F303k8_watch.elf  > "F303k8_watch.list"
   text	   data	    bss	    dec	    hex	filename
  33340	    480	   2360	  36180	   8d54	F303k8_watch.elf
Finished building: default.size.stdout
 
Finished building: F303k8_watch.list
 

18:19:10 Build Finished. 0 errors, 0 warnings. (took 1s.546ms)

