19:26:00 **** Incremental Build of configuration Debug for project testing ****
make -j12 all 
arm-none-eabi-gcc "../Core/Src/flow_controller.c" -mcpu=cortex-m4 -std=gnu11 -g3 -DDEBUG -DUSE_HAL_DRIVER -DSTM32F303x8 -c -I../Core/Inc -I../Drivers/STM32F3xx_HAL_Driver/Inc -I../Drivers/STM32F3xx_HAL_Driver/Inc/Legacy -I../Drivers/CMSIS/Device/ST/STM32F3xx/Include -I../Drivers/CMSIS/Include -O0 -ffunction-sections -fdata-sections -Wall -fstack-usage -fcyclomatic-complexity -MMD -MP -MF"Core/Src/flow_controller.d" -MT"Core/Src/flow_controller.o" --specs=nano.specs -mfpu=fpv4-sp-d16 -mfloat-abi=hard -mthumb -o "Core/Src/flow_controller.o"
arm-none-eabi-gcc "../Core/Src/main.c" -mcpu=cortex-m4 -std=gnu11 -g3 -DDEBUG -DUSE_HAL_DRIVER -DSTM32F303x8 -c -I../Core/Inc -I../Drivers/STM32F3xx_HAL_Driver/Inc -I../Drivers/STM32F3xx_HAL_Driver/Inc/Legacy -I../Drivers/CMSIS/Device/ST/STM32F3xx/Include -I../Drivers/CMSIS/Include -O0 -ffunction-sections -fdata-sections -Wall -fstack-usage -fcyclomatic-complexity -MMD -MP -MF"Core/Src/main.d" -MT"Core/Src/main.o" --specs=nano.specs -mfpu=fpv4-sp-d16 -mfloat-abi=hard -mthumb -o "Core/Src/main.o"
arm-none-eabi-gcc "../Core/Src/stm32f3xx_hal_msp.c" -mcpu=cortex-m4 -std=gnu11 -g3 -DDEBUG -DUSE_HAL_DRIVER -DSTM32F303x8 -c -I../Core/Inc -I../Drivers/STM32F3xx_HAL_Driver/Inc -I../Drivers/STM32F3xx_HAL_Driver/Inc/Legacy -I../Drivers/CMSIS/Device/ST/STM32F3xx/Include -I../Drivers/CMSIS/Include -O0 -ffunction-sections -fdata-sections -Wall -fstack-usage -fcyclomatic-complexity -MMD -MP -MF"Core/Src/stm32f3xx_hal_msp.d" -MT"Core/Src/stm32f3xx_hal_msp.o" --specs=nano.specs -mfpu=fpv4-sp-d16 -mfloat-abi=hard -mthumb -o "Core/Src/stm32f3xx_hal_msp.o"
arm-none-eabi-gcc "../Core/Src/stm32f3xx_it.c" -mcpu=cortex-m4 -std=gnu11 -g3 -DDEBUG -DUSE_HAL_DRIVER -DSTM32F303x8 -c -I../Core/Inc -I../Drivers/STM32F3xx_HAL_Driver/Inc -I../Drivers/STM32F3xx_HAL_Driver/Inc/Legacy -I../Drivers/CMSIS/Device/ST/STM32F3xx/Include -I../Drivers/CMSIS/Include -O0 -ffunction-sections -fdata-sections -Wall -fstack-usage -fcyclomatic-complexity -MMD -MP -MF"Core/Src/stm32f3xx_it.d" -MT"Core/Src/stm32f3xx_it.o" --specs=nano.specs -mfpu=fpv4-sp-d16 -mfloat-abi=hard -mthumb -o "Core/Src/stm32f3xx_it.o"
arm-none-eabi-gcc "../Core/Src/syscalls.c" -mcpu=cortex-m4 -std=gnu11 -g3 -DDEBUG -DUSE_HAL_DRIVER -DSTM32F303x8 -c -I../Core/Inc -I../Drivers/STM32F3xx_HAL_Driver/Inc -I../Drivers/STM32F3xx_HAL_Driver/Inc/Legacy -I../Drivers/CMSIS/Device/ST/STM32F3xx/Include -I../Drivers/CMSIS/Include -O0 -ffunction-sections -fdata-sections -Wall -fstack-usage -fcyclomatic-complexity -MMD -MP -MF"Core/Src/syscalls.d" -MT"Core/Src/syscalls.o" --specs=nano.specs -mfpu=fpv4-sp-d16 -mfloat-abi=hard -mthumb -o "Core/Src/syscalls.o"
arm-none-eabi-gcc "../Core/Src/sysmem.c" -mcpu=cortex-m4 -std=gnu11 -g3 -DDEBUG -DUSE_HAL_DRIVER -DSTM32F303x8 -c -I../Core/Inc -I../Drivers/STM32F3xx_HAL_Driver/Inc -I../Drivers/STM32F3xx_HAL_Driver/Inc/Legacy -I../Drivers/CMSIS/Device/ST/STM32F3xx/Include -I../Drivers/CMSIS/Include -O0 -ffunction-sections -fdata-sections -Wall -fstack-usage -fcyclomatic-complexity -MMD -MP -MF"Core/Src/sysmem.d" -MT"Core/Src/sysmem.o" --specs=nano.specs -mfpu=fpv4-sp-d16 -mfloat-abi=hard -mthumb -o "Core/Src/sysmem.o"
arm-none-eabi-gcc "../Core/Src/system_stm32f3xx.c" -mcpu=cortex-m4 -std=gnu11 -g3 -DDEBUG -DUSE_HAL_DRIVER -DSTM32F303x8 -c -I../Core/Inc -I../Drivers/STM32F3xx_HAL_Driver/Inc -I../Drivers/STM32F3xx_HAL_Driver/Inc/Legacy -I../Drivers/CMSIS/Device/ST/STM32F3xx/Include -I../Drivers/CMSIS/Include -O0 -ffunction-sections -fdata-sections -Wall -fstack-usage -fcyclomatic-complexity -MMD -MP -MF"Core/Src/system_stm32f3xx.d" -MT"Core/Src/system_stm32f3xx.o" --specs=nano.specs -mfpu=fpv4-sp-d16 -mfloat-abi=hard -mthumb -o "Core/Src/system_stm32f3xx.o"
../Core/Src/main.c: In function 'main':
../Core/Src/main.c:109:3: error: unknown type name 'dac_handletypedef'; did you mean 'DAC_HandleTypeDef'?
  109 |   dac_handletypedef reg = createDAC(&hdac1, DAC_CHANNEL_1);
      |   ^~~~~~~~~~~~~~~~~
      |   DAC_HandleTypeDef
../Core/Src/main.c:109:27: warning: implicit declaration of function 'createDAC' [-Wimplicit-function-declaration]
  109 |   dac_handletypedef reg = createDAC(&hdac1, DAC_CHANNEL_1);
      |                           ^~~~~~~~~
../Core/Src/main.c:110:3: warning: implicit declaration of function 'dacSet' [-Wimplicit-function-declaration]
  110 |   dacSet(&reg, value_dac);
      |   ^~~~~~
make: *** [Core/Src/subdir.mk:37: Core/Src/main.o] Error 1
make: *** Waiting for unfinished jobs....
"make -j12 all" terminated with exit code 2. Build might be incomplete.
19:27:13 **** Incremental Build of configuration Debug for project testing ****
make -j12 all 
arm-none-eabi-gcc "../Core/Src/main.c" -mcpu=cortex-m4 -std=gnu11 -g3 -DDEBUG -DUSE_HAL_DRIVER -DSTM32F303x8 -c -I../Core/Inc -I../Drivers/STM32F3xx_HAL_Driver/Inc -I../Drivers/STM32F3xx_HAL_Driver/Inc/Legacy -I../Drivers/CMSIS/Device/ST/STM32F3xx/Include -I../Drivers/CMSIS/Include -O0 -ffunction-sections -fdata-sections -Wall -fstack-usage -fcyclomatic-complexity -MMD -MP -MF"Core/Src/main.d" -MT"Core/Src/main.o" --specs=nano.specs -mfpu=fpv4-sp-d16 -mfloat-abi=hard -mthumb -o "Core/Src/main.o"
arm-none-eabi-gcc -o "testing.elf" @"objects.list"   -mcpu=cortex-m4 -T"C:\Users\oneju\STM32CubeIDE\seniorproject\stm_workplace\testing\STM32F303K8TX_FLASH.ld" --specs=nosys.specs -Wl,-Map="testing.map" -Wl,--gc-sections -static --specs=nano.specs -mfpu=fpv4-sp-d16 -mfloat-abi=hard -mthumb -u _printf_float -Wl,--start-group -lc -lm -Wl,--end-group
Finished building target: testing.elf
 
arm-none-eabi-size  testing.elf 
arm-none-eabi-objdump -h -S testing.elf  > "testing.list"
   text	   data	    bss	    dec	    hex	filename
  29116	    480	   2144	  31740	   7bfc	testing.elf
Finished building: default.size.stdout
 
Finished building: testing.list
 
19:27:31 **** Incremental Build of configuration Debug for project SeniorDesign ****
make -j12 all 
arm-none-eabi-gcc -o "SeniorDesign.elf" @"objects.list"   -mcpu=cortex-m7 -T"C:\Users\oneju\STM32CubeIDE\seniorproject\stm_workplace\SeniorDesign\STM32F767ZITX_FLASH.ld" --specs=nosys.specs -Wl,-Map="SeniorDesign.map" -Wl,--gc-sections -static -u _printf_float --specs=nano.specs -mfpu=fpv5-d16 -mfloat-abi=hard -mthumb -Wl,--start-group -lc -lm -Wl,--end-group
C:/ST/STM32CubeIDE_1.10.1/STM32CubeIDE/plugins/com.st.stm32cube.ide.mcu.externaltools.gnu-tools-for-stm32.11.3.rel1.win32_1.1.100.202309141235/tools/bin/../lib/gcc/arm-none-eabi/11.3.1/../../../../arm-none-eabi/bin/ld.exe: ./Core/Src/main.o:C:/Users/oneju/STM32CubeIDE/seniorproject/stm_workplace/SeniorDesign/Debug/../Core/Src/main.c:99: multiple definition of `adcBitVal'; ./Core/Src/flow_controller.o:C:/Users/oneju/STM32CubeIDE/seniorproject/stm_workplace/SeniorDesign/Debug/../Core/Src/flow_controller.c:18: first defined here
C:/ST/STM32CubeIDE_1.10.1/STM32CubeIDE/plugins/com.st.stm32cube.ide.mcu.externaltools.gnu-tools-for-stm32.11.3.rel1.win32_1.1.100.202309141235/tools/bin/../lib/gcc/arm-none-eabi/11.3.1/../../../../arm-none-eabi/bin/ld.exe: ./Core/Src/main.o:C:/Users/oneju/STM32CubeIDE/seniorproject/stm_workplace/SeniorDesign/Debug/../Core/Src/main.c:100: multiple definition of `adcVolts'; ./Core/Src/flow_controller.o:C:/Users/oneju/STM32CubeIDE/seniorproject/stm_workplace/SeniorDesign/Debug/../Core/Src/flow_controller.c:19: first defined here
collect2.exe: error: ld returned 1 exit status
make: *** [makefile:64: SeniorDesign.elf] Error 1
"make -j12 all" terminated with exit code 2. Build might be incomplete.
19:27:55 **** Incremental Build of configuration Debug for project testing ****
make -j12 all 
arm-none-eabi-size  testing.elf 
   text	   data	    bss	    dec	    hex	filename
  29116	    480	   2144	  31740	   7bfc	testing.elf
Finished building: default.size.stdout
 
19:28:21 **** Incremental Build of configuration Debug for project testing ****
make -j12 all 
arm-none-eabi-size  testing.elf 
   text	   data	    bss	    dec	    hex	filename
  29116	    480	   2144	  31740	   7bfc	testing.elf
Finished building: default.size.stdout
 
19:31:48 **** Incremental Build of configuration Debug for project SeniorDesign ****
make -j12 all 
arm-none-eabi-gcc "../Core/Src/main.c" -mcpu=cortex-m7 -std=gnu11 -g3 -DDEBUG -DUSE_HAL_DRIVER -DSTM32F767xx -c -I../Core/Inc -I../Drivers/STM32F7xx_HAL_Driver/Inc -I../Drivers/STM32F7xx_HAL_Driver/Inc/Legacy -I../Drivers/CMSIS/Device/ST/STM32F7xx/Include -I../Drivers/CMSIS/Include -O0 -ffunction-sections -fdata-sections -Wall -fstack-usage -fcyclomatic-complexity -MMD -MP -MF"Core/Src/main.d" -MT"Core/Src/main.o" --specs=nano.specs -mfpu=fpv5-d16 -mfloat-abi=hard -mthumb -o "Core/Src/main.o"
arm-none-eabi-gcc "../Core/Src/stm32f7xx_hal_msp.c" -mcpu=cortex-m7 -std=gnu11 -g3 -DDEBUG -DUSE_HAL_DRIVER -DSTM32F767xx -c -I../Core/Inc -I../Drivers/STM32F7xx_HAL_Driver/Inc -I../Drivers/STM32F7xx_HAL_Driver/Inc/Legacy -I../Drivers/CMSIS/Device/ST/STM32F7xx/Include -I../Drivers/CMSIS/Include -O0 -ffunction-sections -fdata-sections -Wall -fstack-usage -fcyclomatic-complexity -MMD -MP -MF"Core/Src/stm32f7xx_hal_msp.d" -MT"Core/Src/stm32f7xx_hal_msp.o" --specs=nano.specs -mfpu=fpv5-d16 -mfloat-abi=hard -mthumb -o "Core/Src/stm32f7xx_hal_msp.o"
arm-none-eabi-gcc "../Core/Src/stm32f7xx_it.c" -mcpu=cortex-m7 -std=gnu11 -g3 -DDEBUG -DUSE_HAL_DRIVER -DSTM32F767xx -c -I../Core/Inc -I../Drivers/STM32F7xx_HAL_Driver/Inc -I../Drivers/STM32F7xx_HAL_Driver/Inc/Legacy -I../Drivers/CMSIS/Device/ST/STM32F7xx/Include -I../Drivers/CMSIS/Include -O0 -ffunction-sections -fdata-sections -Wall -fstack-usage -fcyclomatic-complexity -MMD -MP -MF"Core/Src/stm32f7xx_it.d" -MT"Core/Src/stm32f7xx_it.o" --specs=nano.specs -mfpu=fpv5-d16 -mfloat-abi=hard -mthumb -o "Core/Src/stm32f7xx_it.o"
arm-none-eabi-gcc "../Core/Src/syscalls.c" -mcpu=cortex-m7 -std=gnu11 -g3 -DDEBUG -DUSE_HAL_DRIVER -DSTM32F767xx -c -I../Core/Inc -I../Drivers/STM32F7xx_HAL_Driver/Inc -I../Drivers/STM32F7xx_HAL_Driver/Inc/Legacy -I../Drivers/CMSIS/Device/ST/STM32F7xx/Include -I../Drivers/CMSIS/Include -O0 -ffunction-sections -fdata-sections -Wall -fstack-usage -fcyclomatic-complexity -MMD -MP -MF"Core/Src/syscalls.d" -MT"Core/Src/syscalls.o" --specs=nano.specs -mfpu=fpv5-d16 -mfloat-abi=hard -mthumb -o "Core/Src/syscalls.o"
arm-none-eabi-gcc "../Core/Src/sysmem.c" -mcpu=cortex-m7 -std=gnu11 -g3 -DDEBUG -DUSE_HAL_DRIVER -DSTM32F767xx -c -I../Core/Inc -I../Drivers/STM32F7xx_HAL_Driver/Inc -I../Drivers/STM32F7xx_HAL_Driver/Inc/Legacy -I../Drivers/CMSIS/Device/ST/STM32F7xx/Include -I../Drivers/CMSIS/Include -O0 -ffunction-sections -fdata-sections -Wall -fstack-usage -fcyclomatic-complexity -MMD -MP -MF"Core/Src/sysmem.d" -MT"Core/Src/sysmem.o" --specs=nano.specs -mfpu=fpv5-d16 -mfloat-abi=hard -mthumb -o "Core/Src/sysmem.o"
arm-none-eabi-gcc "../Core/Src/system_stm32f7xx.c" -mcpu=cortex-m7 -std=gnu11 -g3 -DDEBUG -DUSE_HAL_DRIVER -DSTM32F767xx -c -I../Core/Inc -I../Drivers/STM32F7xx_HAL_Driver/Inc -I../Drivers/STM32F7xx_HAL_Driver/Inc/Legacy -I../Drivers/CMSIS/Device/ST/STM32F7xx/Include -I../Drivers/CMSIS/Include -O0 -ffunction-sections -fdata-sections -Wall -fstack-usage -fcyclomatic-complexity -MMD -MP -MF"Core/Src/system_stm32f7xx.d" -MT"Core/Src/system_stm32f7xx.o" --specs=nano.specs -mfpu=fpv5-d16 -mfloat-abi=hard -mthumb -o "Core/Src/system_stm32f7xx.o"
../Core/Src/main.c:24:10: fatal error: flow_controller.h: No such file or directory
   24 | #include "flow_controller.h"
      |          ^~~~~~~~~~~~~~~~~~~
compilation terminated.
make: *** [Core/Src/subdir.mk:34: Core/Src/main.o] Error 1
make: *** Waiting for unfinished jobs....
"make -j12 all" terminated with exit code 2. Build might be incomplete.
19:32:05 **** Incremental Build of configuration Debug for project SeniorDesign ****
make -j12 all 
arm-none-eabi-gcc "../Core/Src/main.c" -mcpu=cortex-m7 -std=gnu11 -g3 -DDEBUG -DUSE_HAL_DRIVER -DSTM32F767xx -c -I../Core/Inc -I../Drivers/STM32F7xx_HAL_Driver/Inc -I../Drivers/STM32F7xx_HAL_Driver/Inc/Legacy -I../Drivers/CMSIS/Device/ST/STM32F7xx/Include -I../Drivers/CMSIS/Include -O0 -ffunction-sections -fdata-sections -Wall -fstack-usage -fcyclomatic-complexity -MMD -MP -MF"Core/Src/main.d" -MT"Core/Src/main.o" --specs=nano.specs -mfpu=fpv5-d16 -mfloat-abi=hard -mthumb -o "Core/Src/main.o"
../Core/Src/main.c: In function 'main':
../Core/Src/main.c:157:44: warning: implicit declaration of function 'pow' [-Wimplicit-function-declaration]
  157 |           double referencePressure = 1.0 * pow(10, -9.581295);
      |                                            ^~~
../Core/Src/main.c:26:1: note: include '<math.h>' or provide a declaration of 'pow'
   25 | #include "string.h"
  +++ |+#include <math.h>
   26 | 
../Core/Src/main.c:157:44: warning: incompatible implicit declaration of built-in function 'pow' [-Wbuiltin-declaration-mismatch]
  157 |           double referencePressure = 1.0 * pow(10, -9.581295);
      |                                            ^~~
../Core/Src/main.c:157:44: note: include '<math.h>' or provide a declaration of 'pow'
../Core/Src/main.c:167:11: warning: implicit declaration of function 'sprintf' [-Wimplicit-function-declaration]
  167 |           sprintf(buffer, "ADC Value %.2f Pressure %.2f mbar\r\n", adcVolts, pressure);
      |           ^~~~~~~
../Core/Src/main.c:26:1: note: include '<stdio.h>' or provide a declaration of 'sprintf'
   25 | #include "string.h"
  +++ |+#include <stdio.h>
   26 | 
../Core/Src/main.c:167:11: warning: incompatible implicit declaration of built-in function 'sprintf' [-Wbuiltin-declaration-mismatch]
  167 |           sprintf(buffer, "ADC Value %.2f Pressure %.2f mbar\r\n", adcVolts, pressure);
      |           ^~~~~~~
../Core/Src/main.c:167:11: note: include '<stdio.h>' or provide a declaration of 'sprintf'
arm-none-eabi-gcc -o "SeniorDesign.elf" @"objects.list"   -mcpu=cortex-m7 -T"C:\Users\oneju\STM32CubeIDE\seniorproject\stm_workplace\SeniorDesign\STM32F767ZITX_FLASH.ld" --specs=nosys.specs -Wl,-Map="SeniorDesign.map" -Wl,--gc-sections -static -u _printf_float --specs=nano.specs -mfpu=fpv5-d16 -mfloat-abi=hard -mthumb -Wl,--start-group -lc -lm -Wl,--end-group
Finished building target: SeniorDesign.elf
 
arm-none-eabi-size  SeniorDesign.elf 
arm-none-eabi-objdump -h -S SeniorDesign.elf  > "SeniorDesign.list"
   text	   data	    bss	    dec	    hex	filename
  39720	    796	   3668	  44184	   ac98	SeniorDesign.elf
Finished building: default.size.stdout
 
Finished building: SeniorDesign.list
 
19:32:32 **** Incremental Build of configuration Debug for project SeniorDesign ****
make -j12 all 
arm-none-eabi-gcc "../Core/Src/main.c" -mcpu=cortex-m7 -std=gnu11 -g3 -DDEBUG -DUSE_HAL_DRIVER -DSTM32F767xx -c -I../Core/Inc -I../Drivers/STM32F7xx_HAL_Driver/Inc -I../Drivers/STM32F7xx_HAL_Driver/Inc/Legacy -I../Drivers/CMSIS/Device/ST/STM32F7xx/Include -I../Drivers/CMSIS/Include -O0 -ffunction-sections -fdata-sections -Wall -fstack-usage -fcyclomatic-complexity -MMD -MP -MF"Core/Src/main.d" -MT"Core/Src/main.o" --specs=nano.specs -mfpu=fpv5-d16 -mfloat-abi=hard -mthumb -o "Core/Src/main.o"
../Core/Src/main.c: In function 'main':
../Core/Src/main.c:168:11: warning: implicit declaration of function 'sprintf' [-Wimplicit-function-declaration]
  168 |           sprintf(buffer, "ADC Value %.2f Pressure %.2f mbar\r\n", adcVolts, pressure);
      |           ^~~~~~~
../Core/Src/main.c:27:1: note: include '<stdio.h>' or provide a declaration of 'sprintf'
   26 | #include "math.h"
  +++ |+#include <stdio.h>
   27 | 
../Core/Src/main.c:168:11: warning: incompatible implicit declaration of built-in function 'sprintf' [-Wbuiltin-declaration-mismatch]
  168 |           sprintf(buffer, "ADC Value %.2f Pressure %.2f mbar\r\n", adcVolts, pressure);
      |           ^~~~~~~
../Core/Src/main.c:168:11: note: include '<stdio.h>' or provide a declaration of 'sprintf'
arm-none-eabi-gcc -o "SeniorDesign.elf" @"objects.list"   -mcpu=cortex-m7 -T"C:\Users\oneju\STM32CubeIDE\seniorproject\stm_workplace\SeniorDesign\STM32F767ZITX_FLASH.ld" --specs=nosys.specs -Wl,-Map="SeniorDesign.map" -Wl,--gc-sections -static -u _printf_float --specs=nano.specs -mfpu=fpv5-d16 -mfloat-abi=hard -mthumb -Wl,--start-group -lc -lm -Wl,--end-group
Finished building target: SeniorDesign.elf
 
arm-none-eabi-size  SeniorDesign.elf 
arm-none-eabi-objdump -h -S SeniorDesign.elf  > "SeniorDesign.list"
   text	   data	    bss	    dec	    hex	filename
  39720	    796	   3668	  44184	   ac98	SeniorDesign.elf
Finished building: default.size.stdout
 
Finished building: SeniorDesign.list
 
19:33:16 **** Incremental Build of configuration Debug for project SeniorDesign ****
make -j12 all 
arm-none-eabi-gcc "../Core/Src/main.c" -mcpu=cortex-m7 -std=gnu11 -g3 -DDEBUG -DUSE_HAL_DRIVER -DSTM32F767xx -c -I../Core/Inc -I../Drivers/STM32F7xx_HAL_Driver/Inc -I../Drivers/STM32F7xx_HAL_Driver/Inc/Legacy -I../Drivers/CMSIS/Device/ST/STM32F7xx/Include -I../Drivers/CMSIS/Include -O0 -ffunction-sections -fdata-sections -Wall -fstack-usage -fcyclomatic-complexity -MMD -MP -MF"Core/Src/main.d" -MT"Core/Src/main.o" --specs=nano.specs -mfpu=fpv5-d16 -mfloat-abi=hard -mthumb -o "Core/Src/main.o"
arm-none-eabi-gcc -o "SeniorDesign.elf" @"objects.list"   -mcpu=cortex-m7 -T"C:\Users\oneju\STM32CubeIDE\seniorproject\stm_workplace\SeniorDesign\STM32F767ZITX_FLASH.ld" --specs=nosys.specs -Wl,-Map="SeniorDesign.map" -Wl,--gc-sections -static -u _printf_float --specs=nano.specs -mfpu=fpv5-d16 -mfloat-abi=hard -mthumb -Wl,--start-group -lc -lm -Wl,--end-group
Finished building target: SeniorDesign.elf
 
arm-none-eabi-size  SeniorDesign.elf 
arm-none-eabi-objdump -h -S SeniorDesign.elf  > "SeniorDesign.list"
   text	   data	    bss	    dec	    hex	filename
  39720	    796	   3668	  44184	   ac98	SeniorDesign.elf
Finished building: default.size.stdout
 
Finished building: SeniorDesign.list
 
19:35:37 **** Incremental Build of configuration Debug for project SeniorDesign ****
make -j12 all 
arm-none-eabi-gcc "../Core/Src/flow_controller.c" -mcpu=cortex-m7 -std=gnu11 -g3 -DDEBUG -DUSE_HAL_DRIVER -DSTM32F767xx -c -I../Core/Inc -I../Drivers/STM32F7xx_HAL_Driver/Inc -I../Drivers/STM32F7xx_HAL_Driver/Inc/Legacy -I../Drivers/CMSIS/Device/ST/STM32F7xx/Include -I../Drivers/CMSIS/Include -O0 -ffunction-sections -fdata-sections -Wall -fstack-usage -fcyclomatic-complexity -MMD -MP -MF"Core/Src/flow_controller.d" -MT"Core/Src/flow_controller.o" --specs=nano.specs -mfpu=fpv5-d16 -mfloat-abi=hard -mthumb -o "Core/Src/flow_controller.o"
arm-none-eabi-gcc "../Core/Src/main.c" -mcpu=cortex-m7 -std=gnu11 -g3 -DDEBUG -DUSE_HAL_DRIVER -DSTM32F767xx -c -I../Core/Inc -I../Drivers/STM32F7xx_HAL_Driver/Inc -I../Drivers/STM32F7xx_HAL_Driver/Inc/Legacy -I../Drivers/CMSIS/Device/ST/STM32F7xx/Include -I../Drivers/CMSIS/Include -O0 -ffunction-sections -fdata-sections -Wall -fstack-usage -fcyclomatic-complexity -MMD -MP -MF"Core/Src/main.d" -MT"Core/Src/main.o" --specs=nano.specs -mfpu=fpv5-d16 -mfloat-abi=hard -mthumb -o "Core/Src/main.o"
arm-none-eabi-gcc "../Core/Src/stm32f7xx_hal_msp.c" -mcpu=cortex-m7 -std=gnu11 -g3 -DDEBUG -DUSE_HAL_DRIVER -DSTM32F767xx -c -I../Core/Inc -I../Drivers/STM32F7xx_HAL_Driver/Inc -I../Drivers/STM32F7xx_HAL_Driver/Inc/Legacy -I../Drivers/CMSIS/Device/ST/STM32F7xx/Include -I../Drivers/CMSIS/Include -O0 -ffunction-sections -fdata-sections -Wall -fstack-usage -fcyclomatic-complexity -MMD -MP -MF"Core/Src/stm32f7xx_hal_msp.d" -MT"Core/Src/stm32f7xx_hal_msp.o" --specs=nano.specs -mfpu=fpv5-d16 -mfloat-abi=hard -mthumb -o "Core/Src/stm32f7xx_hal_msp.o"
arm-none-eabi-gcc "../Core/Src/stm32f7xx_it.c" -mcpu=cortex-m7 -std=gnu11 -g3 -DDEBUG -DUSE_HAL_DRIVER -DSTM32F767xx -c -I../Core/Inc -I../Drivers/STM32F7xx_HAL_Driver/Inc -I../Drivers/STM32F7xx_HAL_Driver/Inc/Legacy -I../Drivers/CMSIS/Device/ST/STM32F7xx/Include -I../Drivers/CMSIS/Include -O0 -ffunction-sections -fdata-sections -Wall -fstack-usage -fcyclomatic-complexity -MMD -MP -MF"Core/Src/stm32f7xx_it.d" -MT"Core/Src/stm32f7xx_it.o" --specs=nano.specs -mfpu=fpv5-d16 -mfloat-abi=hard -mthumb -o "Core/Src/stm32f7xx_it.o"
arm-none-eabi-gcc "../Core/Src/syscalls.c" -mcpu=cortex-m7 -std=gnu11 -g3 -DDEBUG -DUSE_HAL_DRIVER -DSTM32F767xx -c -I../Core/Inc -I../Drivers/STM32F7xx_HAL_Driver/Inc -I../Drivers/STM32F7xx_HAL_Driver/Inc/Legacy -I../Drivers/CMSIS/Device/ST/STM32F7xx/Include -I../Drivers/CMSIS/Include -O0 -ffunction-sections -fdata-sections -Wall -fstack-usage -fcyclomatic-complexity -MMD -MP -MF"Core/Src/syscalls.d" -MT"Core/Src/syscalls.o" --specs=nano.specs -mfpu=fpv5-d16 -mfloat-abi=hard -mthumb -o "Core/Src/syscalls.o"
arm-none-eabi-gcc "../Core/Src/sysmem.c" -mcpu=cortex-m7 -std=gnu11 -g3 -DDEBUG -DUSE_HAL_DRIVER -DSTM32F767xx -c -I../Core/Inc -I../Drivers/STM32F7xx_HAL_Driver/Inc -I../Drivers/STM32F7xx_HAL_Driver/Inc/Legacy -I../Drivers/CMSIS/Device/ST/STM32F7xx/Include -I../Drivers/CMSIS/Include -O0 -ffunction-sections -fdata-sections -Wall -fstack-usage -fcyclomatic-complexity -MMD -MP -MF"Core/Src/sysmem.d" -MT"Core/Src/sysmem.o" --specs=nano.specs -mfpu=fpv5-d16 -mfloat-abi=hard -mthumb -o "Core/Src/sysmem.o"
arm-none-eabi-gcc "../Core/Src/system_stm32f7xx.c" -mcpu=cortex-m7 -std=gnu11 -g3 -DDEBUG -DUSE_HAL_DRIVER -DSTM32F767xx -c -I../Core/Inc -I../Drivers/STM32F7xx_HAL_Driver/Inc -I../Drivers/STM32F7xx_HAL_Driver/Inc/Legacy -I../Drivers/CMSIS/Device/ST/STM32F7xx/Include -I../Drivers/CMSIS/Include -O0 -ffunction-sections -fdata-sections -Wall -fstack-usage -fcyclomatic-complexity -MMD -MP -MF"Core/Src/system_stm32f7xx.d" -MT"Core/Src/system_stm32f7xx.o" --specs=nano.specs -mfpu=fpv5-d16 -mfloat-abi=hard -mthumb -o "Core/Src/system_stm32f7xx.o"
arm-none-eabi-gcc -o "SeniorDesign.elf" @"objects.list"   -mcpu=cortex-m7 -T"C:\Users\oneju\STM32CubeIDE\seniorproject\stm_workplace\SeniorDesign\STM32F767ZITX_FLASH.ld" --specs=nosys.specs -Wl,-Map="SeniorDesign.map" -Wl,--gc-sections -static -u _printf_float --specs=nano.specs -mfpu=fpv5-d16 -mfloat-abi=hard -mthumb -Wl,--start-group -lc -lm -Wl,--end-group
Finished building target: SeniorDesign.elf
 
arm-none-eabi-size  SeniorDesign.elf 
arm-none-eabi-objdump -h -S SeniorDesign.elf  > "SeniorDesign.list"
   text	   data	    bss	    dec	    hex	filename
  39720	    796	   3668	  44184	   ac98	SeniorDesign.elf
Finished building: default.size.stdout
 
Finished building: SeniorDesign.list
 
19:36:46 **** Incremental Build of configuration Debug for project SeniorDesign ****
make -j12 all 
arm-none-eabi-gcc "../Core/Src/flow_controller.c" -mcpu=cortex-m7 -std=gnu11 -g3 -DDEBUG -DUSE_HAL_DRIVER -DSTM32F767xx -c -I../Core/Inc -I../Drivers/STM32F7xx_HAL_Driver/Inc -I../Drivers/STM32F7xx_HAL_Driver/Inc/Legacy -I../Drivers/CMSIS/Device/ST/STM32F7xx/Include -I../Drivers/CMSIS/Include -O0 -ffunction-sections -fdata-sections -Wall -fstack-usage -fcyclomatic-complexity -MMD -MP -MF"Core/Src/flow_controller.d" -MT"Core/Src/flow_controller.o" --specs=nano.specs -mfpu=fpv5-d16 -mfloat-abi=hard -mthumb -o "Core/Src/flow_controller.o"
arm-none-eabi-gcc -o "SeniorDesign.elf" @"objects.list"   -mcpu=cortex-m7 -T"C:\Users\oneju\STM32CubeIDE\seniorproject\stm_workplace\SeniorDesign\STM32F767ZITX_FLASH.ld" --specs=nosys.specs -Wl,-Map="SeniorDesign.map" -Wl,--gc-sections -static -u _printf_float --specs=nano.specs -mfpu=fpv5-d16 -mfloat-abi=hard -mthumb -Wl,--start-group -lc -lm -Wl,--end-group
C:/ST/STM32CubeIDE_1.10.1/STM32CubeIDE/plugins/com.st.stm32cube.ide.mcu.externaltools.gnu-tools-for-stm32.11.3.rel1.win32_1.1.100.202309141235/tools/bin/../lib/gcc/arm-none-eabi/11.3.1/../../../../arm-none-eabi/bin/ld.exe: ./Core/Src/main.o:C:/Users/oneju/STM32CubeIDE/seniorproject/stm_workplace/SeniorDesign/Debug/../Core/Src/main.c:100: multiple definition of `adcBitVal'; ./Core/Src/flow_controller.o:C:/Users/oneju/STM32CubeIDE/seniorproject/stm_workplace/SeniorDesign/Debug/../Core/Src/flow_controller.c:18: first defined here
C:/ST/STM32CubeIDE_1.10.1/STM32CubeIDE/plugins/com.st.stm32cube.ide.mcu.externaltools.gnu-tools-for-stm32.11.3.rel1.win32_1.1.100.202309141235/tools/bin/../lib/gcc/arm-none-eabi/11.3.1/../../../../arm-none-eabi/bin/ld.exe: ./Core/Src/main.o:C:/Users/oneju/STM32CubeIDE/seniorproject/stm_workplace/SeniorDesign/Debug/../Core/Src/main.c:101: multiple definition of `adcVolts'; ./Core/Src/flow_controller.o:C:/Users/oneju/STM32CubeIDE/seniorproject/stm_workplace/SeniorDesign/Debug/../Core/Src/flow_controller.c:19: first defined here
collect2.exe: error: ld returned 1 exit status
make: *** [makefile:64: SeniorDesign.elf] Error 1
"make -j12 all" terminated with exit code 2. Build might be incomplete.
19:40:57 **** Incremental Build of configuration Debug for project SeniorDesign ****
make -j12 all 
arm-none-eabi-gcc "../Core/Src/main.c" -mcpu=cortex-m7 -std=gnu11 -g3 -DDEBUG -DUSE_HAL_DRIVER -DSTM32F767xx -c -I../Core/Inc -I../Drivers/STM32F7xx_HAL_Driver/Inc -I../Drivers/STM32F7xx_HAL_Driver/Inc/Legacy -I../Drivers/CMSIS/Device/ST/STM32F7xx/Include -I../Drivers/CMSIS/Include -O0 -ffunction-sections -fdata-sections -Wall -fstack-usage -fcyclomatic-complexity -MMD -MP -MF"Core/Src/main.d" -MT"Core/Src/main.o" --specs=nano.specs -mfpu=fpv5-d16 -mfloat-abi=hard -mthumb -o "Core/Src/main.o"
arm-none-eabi-gcc -o "SeniorDesign.elf" @"objects.list"   -mcpu=cortex-m7 -T"C:\Users\oneju\STM32CubeIDE\seniorproject\stm_workplace\SeniorDesign\STM32F767ZITX_FLASH.ld" --specs=nosys.specs -Wl,-Map="SeniorDesign.map" -Wl,--gc-sections -static -u _printf_float --specs=nano.specs -mfpu=fpv5-d16 -mfloat-abi=hard -mthumb -Wl,--start-group -lc -lm -Wl,--end-group
Finished building target: SeniorDesign.elf
 
arm-none-eabi-size  SeniorDesign.elf 
arm-none-eabi-objdump -h -S SeniorDesign.elf  > "SeniorDesign.list"
   text	   data	    bss	    dec	    hex	filename
  29632	    796	   3660	  34088	   8528	SeniorDesign.elf
Finished building: default.size.stdout
 
Finished building: SeniorDesign.list
 
19:50:17 **** Incremental Build of configuration Debug for project SeniorDesign ****
make -j12 all 
arm-none-eabi-gcc "../Core/Src/main.c" -mcpu=cortex-m7 -std=gnu11 -g3 -DDEBUG -DUSE_HAL_DRIVER -DSTM32F767xx -c -I../Core/Inc -I../Drivers/STM32F7xx_HAL_Driver/Inc -I../Drivers/STM32F7xx_HAL_Driver/Inc/Legacy -I../Drivers/CMSIS/Device/ST/STM32F7xx/Include -I../Drivers/CMSIS/Include -O0 -ffunction-sections -fdata-sections -Wall -fstack-usage -fcyclomatic-complexity -MMD -MP -MF"Core/Src/main.d" -MT"Core/Src/main.o" --specs=nano.specs -mfpu=fpv5-d16 -mfloat-abi=hard -mthumb -o "Core/Src/main.o"
arm-none-eabi-gcc -o "SeniorDesign.elf" @"objects.list"   -mcpu=cortex-m7 -T"C:\Users\oneju\STM32CubeIDE\seniorproject\stm_workplace\SeniorDesign\STM32F767ZITX_FLASH.ld" --specs=nosys.specs -Wl,-Map="SeniorDesign.map" -Wl,--gc-sections -static -u _printf_float --specs=nano.specs -mfpu=fpv5-d16 -mfloat-abi=hard -mthumb -Wl,--start-group -lc -lm -Wl,--end-group
Finished building target: SeniorDesign.elf
 
arm-none-eabi-size  SeniorDesign.elf 
arm-none-eabi-objdump -h -S SeniorDesign.elf  > "SeniorDesign.list"
   text	   data	    bss	    dec	    hex	filename
  29632	    796	   3660	  34088	   8528	SeniorDesign.elf
Finished building: default.size.stdout
 
Finished building: SeniorDesign.list
 
19:53:28 **** Incremental Build of configuration Debug for project SeniorDesign ****
make -j12 all 
arm-none-eabi-gcc "../Core/Src/main.c" -mcpu=cortex-m7 -std=gnu11 -g3 -DDEBUG -DUSE_HAL_DRIVER -DSTM32F767xx -c -I../Core/Inc -I../Drivers/STM32F7xx_HAL_Driver/Inc -I../Drivers/STM32F7xx_HAL_Driver/Inc/Legacy -I../Drivers/CMSIS/Device/ST/STM32F7xx/Include -I../Drivers/CMSIS/Include -O0 -ffunction-sections -fdata-sections -Wall -fstack-usage -fcyclomatic-complexity -MMD -MP -MF"Core/Src/main.d" -MT"Core/Src/main.o" --specs=nano.specs -mfpu=fpv5-d16 -mfloat-abi=hard -mthumb -o "Core/Src/main.o"
../Core/Src/main.c:102:25: error: initializer element is not constant
  102 | dac_handletypedef reg = createDAC(&hdac, DAC_CHANNEL_1);
      |                         ^~~~~~~~~
../Core/Src/main.c:103:8: error: expected declaration specifiers or '...' before '&' token
  103 | dacSet(&reg, 1.4);
      |        ^
../Core/Src/main.c:103:14: error: expected declaration specifiers or '...' before numeric constant
  103 | dacSet(&reg, 1.4);
      |              ^~~
make: *** [Core/Src/subdir.mk:37: Core/Src/main.o] Error 1
"make -j12 all" terminated with exit code 2. Build might be incomplete.
19:54:57 **** Incremental Build of configuration Debug for project SeniorDesign ****
make -j12 all 
arm-none-eabi-gcc "../Core/Src/flow_controller.c" -mcpu=cortex-m7 -std=gnu11 -g3 -DDEBUG -DUSE_HAL_DRIVER -DSTM32F767xx -c -I../Core/Inc -I../Drivers/STM32F7xx_HAL_Driver/Inc -I../Drivers/STM32F7xx_HAL_Driver/Inc/Legacy -I../Drivers/CMSIS/Device/ST/STM32F7xx/Include -I../Drivers/CMSIS/Include -O0 -ffunction-sections -fdata-sections -Wall -fstack-usage -fcyclomatic-complexity -MMD -MP -MF"Core/Src/flow_controller.d" -MT"Core/Src/flow_controller.o" --specs=nano.specs -mfpu=fpv5-d16 -mfloat-abi=hard -mthumb -o "Core/Src/flow_controller.o"
arm-none-eabi-gcc "../Core/Src/main.c" -mcpu=cortex-m7 -std=gnu11 -g3 -DDEBUG -DUSE_HAL_DRIVER -DSTM32F767xx -c -I../Core/Inc -I../Drivers/STM32F7xx_HAL_Driver/Inc -I../Drivers/STM32F7xx_HAL_Driver/Inc/Legacy -I../Drivers/CMSIS/Device/ST/STM32F7xx/Include -I../Drivers/CMSIS/Include -O0 -ffunction-sections -fdata-sections -Wall -fstack-usage -fcyclomatic-complexity -MMD -MP -MF"Core/Src/main.d" -MT"Core/Src/main.o" --specs=nano.specs -mfpu=fpv5-d16 -mfloat-abi=hard -mthumb -o "Core/Src/main.o"
arm-none-eabi-gcc -o "SeniorDesign.elf" @"objects.list"   -mcpu=cortex-m7 -T"C:\Users\oneju\STM32CubeIDE\seniorproject\stm_workplace\SeniorDesign\STM32F767ZITX_FLASH.ld" --specs=nosys.specs -Wl,-Map="SeniorDesign.map" -Wl,--gc-sections -static -u _printf_float --specs=nano.specs -mfpu=fpv5-d16 -mfloat-abi=hard -mthumb -Wl,--start-group -lc -lm -Wl,--end-group
Finished building target: SeniorDesign.elf
 
arm-none-eabi-size  SeniorDesign.elf 
arm-none-eabi-objdump -h -S SeniorDesign.elf  > "SeniorDesign.list"
   text	   data	    bss	    dec	    hex	filename
  30056	    796	   3668	  34520	   86d8	SeniorDesign.elf
Finished building: default.size.stdout
 
Finished building: SeniorDesign.list
 
19:57:45 **** Incremental Build of configuration Debug for project SeniorDesign ****
make -j12 all 
arm-none-eabi-size  SeniorDesign.elf 
   text	   data	    bss	    dec	    hex	filename
  30056	    796	   3668	  34520	   86d8	SeniorDesign.elf
Finished building: default.size.stdout
 
20:02:21 **** Incremental Build of configuration Debug for project SeniorDesign ****
make -j12 all 
arm-none-eabi-gcc "../Core/Src/flow_controller.c" -mcpu=cortex-m7 -std=gnu11 -g3 -DDEBUG -DUSE_HAL_DRIVER -DSTM32F767xx -c -I../Core/Inc -I../Drivers/STM32F7xx_HAL_Driver/Inc -I../Drivers/STM32F7xx_HAL_Driver/Inc/Legacy -I../Drivers/CMSIS/Device/ST/STM32F7xx/Include -I../Drivers/CMSIS/Include -O0 -ffunction-sections -fdata-sections -Wall -fstack-usage -fcyclomatic-complexity -MMD -MP -MF"Core/Src/flow_controller.d" -MT"Core/Src/flow_controller.o" --specs=nano.specs -mfpu=fpv5-d16 -mfloat-abi=hard -mthumb -o "Core/Src/flow_controller.o"
arm-none-eabi-gcc "../Core/Src/main.c" -mcpu=cortex-m7 -std=gnu11 -g3 -DDEBUG -DUSE_HAL_DRIVER -DSTM32F767xx -c -I../Core/Inc -I../Drivers/STM32F7xx_HAL_Driver/Inc -I../Drivers/STM32F7xx_HAL_Driver/Inc/Legacy -I../Drivers/CMSIS/Device/ST/STM32F7xx/Include -I../Drivers/CMSIS/Include -O0 -ffunction-sections -fdata-sections -Wall -fstack-usage -fcyclomatic-complexity -MMD -MP -MF"Core/Src/main.d" -MT"Core/Src/main.o" --specs=nano.specs -mfpu=fpv5-d16 -mfloat-abi=hard -mthumb -o "Core/Src/main.o"
../Core/Src/flow_controller.c:59:6: error: conflicting types for 'dacSet'; have 'void(DAC_HandleTypeDef *, uint32_t,  float)' {aka 'void(DAC_HandleTypeDef *, long unsigned int,  float)'}
   59 | void dacSet(DAC_HandleTypeDef *dac, uint32_t channel, float volts){
      |      ^~~~~~
In file included from ../Core/Src/flow_controller.c:9:
../Core/Inc/flow_controller.h:21:6: note: previous declaration of 'dacSet' with type 'void(dac_handletypedef *, float)'
   21 | void dacSet(dac_handletypedef *dac, float volts);
      |      ^~~~~~
../Core/Src/main.c: In function 'main':
../Core/Src/main.c:143:10: warning: passing argument 1 of 'dacSet' from incompatible pointer type [-Wincompatible-pointer-types]
  143 |   dacSet(&hdac, DAC_CHANNEL_1, 1.4);
      |          ^~~~~
      |          |
      |          DAC_HandleTypeDef *
In file included from ../Core/Src/main.c:24:
../Core/Inc/flow_controller.h:21:32: note: expected 'dac_handletypedef *' but argument is of type 'DAC_HandleTypeDef *'
   21 | void dacSet(dac_handletypedef *dac, float volts);
      |             ~~~~~~~~~~~~~~~~~~~^~~
../Core/Src/main.c:143:3: error: too many arguments to function 'dacSet'
  143 |   dacSet(&hdac, DAC_CHANNEL_1, 1.4);
      |   ^~~~~~
In file included from ../Core/Src/main.c:24:
../Core/Inc/flow_controller.h:21:6: note: declared here
   21 | void dacSet(dac_handletypedef *dac, float volts);
      |      ^~~~~~
make: *** [Core/Src/subdir.mk:37: Core/Src/flow_controller.o] Error 1
make: *** Waiting for unfinished jobs....
make: *** [Core/Src/subdir.mk:37: Core/Src/main.o] Error 1
"make -j12 all" terminated with exit code 2. Build might be incomplete.
20:03:54 **** Incremental Build of configuration Debug for project SeniorDesign ****
make -j12 all 
arm-none-eabi-gcc "../Core/Src/flow_controller.c" -mcpu=cortex-m7 -std=gnu11 -g3 -DDEBUG -DUSE_HAL_DRIVER -DSTM32F767xx -c -I../Core/Inc -I../Drivers/STM32F7xx_HAL_Driver/Inc -I../Drivers/STM32F7xx_HAL_Driver/Inc/Legacy -I../Drivers/CMSIS/Device/ST/STM32F7xx/Include -I../Drivers/CMSIS/Include -O0 -ffunction-sections -fdata-sections -Wall -fstack-usage -fcyclomatic-complexity -MMD -MP -MF"Core/Src/flow_controller.d" -MT"Core/Src/flow_controller.o" --specs=nano.specs -mfpu=fpv5-d16 -mfloat-abi=hard -mthumb -o "Core/Src/flow_controller.o"
arm-none-eabi-gcc "../Core/Src/main.c" -mcpu=cortex-m7 -std=gnu11 -g3 -DDEBUG -DUSE_HAL_DRIVER -DSTM32F767xx -c -I../Core/Inc -I../Drivers/STM32F7xx_HAL_Driver/Inc -I../Drivers/STM32F7xx_HAL_Driver/Inc/Legacy -I../Drivers/CMSIS/Device/ST/STM32F7xx/Include -I../Drivers/CMSIS/Include -O0 -ffunction-sections -fdata-sections -Wall -fstack-usage -fcyclomatic-complexity -MMD -MP -MF"Core/Src/main.d" -MT"Core/Src/main.o" --specs=nano.specs -mfpu=fpv5-d16 -mfloat-abi=hard -mthumb -o "Core/Src/main.o"
../Core/Src/flow_controller.c:59:6: error: conflicting types for 'dacSet'; have 'void(DAC_HandleTypeDef *, uint32_t,  float)' {aka 'void(DAC_HandleTypeDef *, long unsigned int,  float)'}
   59 | void dacSet(DAC_HandleTypeDef *dac, uint32_t channel, float volts){
      |      ^~~~~~
In file included from ../Core/Src/flow_controller.c:9:
../Core/Inc/flow_controller.h:21:6: note: previous declaration of 'dacSet' with type 'void(dac_handletypedef *, float)'
   21 | void dacSet(dac_handletypedef *dac, float volts);
      |      ^~~~~~
../Core/Src/main.c: In function 'main':
../Core/Src/main.c:143:10: error: incompatible type for argument 1 of 'dacSet'
  143 |   dacSet(hdac, DAC_CHANNEL_1, 1.4);
      |          ^~~~
      |          |
      |          DAC_HandleTypeDef
In file included from ../Core/Src/main.c:24:
../Core/Inc/flow_controller.h:21:32: note: expected 'dac_handletypedef *' but argument is of type 'DAC_HandleTypeDef'
   21 | void dacSet(dac_handletypedef *dac, float volts);
      |             ~~~~~~~~~~~~~~~~~~~^~~
../Core/Src/main.c:143:3: error: too many arguments to function 'dacSet'
  143 |   dacSet(hdac, DAC_CHANNEL_1, 1.4);
      |   ^~~~~~
In file included from ../Core/Src/main.c:24:
../Core/Inc/flow_controller.h:21:6: note: declared here
   21 | void dacSet(dac_handletypedef *dac, float volts);
      |      ^~~~~~
make: *** [Core/Src/subdir.mk:37: Core/Src/flow_controller.o] Error 1
make: *** Waiting for unfinished jobs....
make: *** [Core/Src/subdir.mk:37: Core/Src/main.o] Error 1
"make -j12 all" terminated with exit code 2. Build might be incomplete.
20:04:58 **** Incremental Build of configuration Debug for project SeniorDesign ****
make -j12 all 
arm-none-eabi-gcc "../Core/Src/flow_controller.c" -mcpu=cortex-m7 -std=gnu11 -g3 -DDEBUG -DUSE_HAL_DRIVER -DSTM32F767xx -c -I../Core/Inc -I../Drivers/STM32F7xx_HAL_Driver/Inc -I../Drivers/STM32F7xx_HAL_Driver/Inc/Legacy -I../Drivers/CMSIS/Device/ST/STM32F7xx/Include -I../Drivers/CMSIS/Include -O0 -ffunction-sections -fdata-sections -Wall -fstack-usage -fcyclomatic-complexity -MMD -MP -MF"Core/Src/flow_controller.d" -MT"Core/Src/flow_controller.o" --specs=nano.specs -mfpu=fpv5-d16 -mfloat-abi=hard -mthumb -o "Core/Src/flow_controller.o"
arm-none-eabi-gcc "../Core/Src/main.c" -mcpu=cortex-m7 -std=gnu11 -g3 -DDEBUG -DUSE_HAL_DRIVER -DSTM32F767xx -c -I../Core/Inc -I../Drivers/STM32F7xx_HAL_Driver/Inc -I../Drivers/STM32F7xx_HAL_Driver/Inc/Legacy -I../Drivers/CMSIS/Device/ST/STM32F7xx/Include -I../Drivers/CMSIS/Include -O0 -ffunction-sections -fdata-sections -Wall -fstack-usage -fcyclomatic-complexity -MMD -MP -MF"Core/Src/main.d" -MT"Core/Src/main.o" --specs=nano.specs -mfpu=fpv5-d16 -mfloat-abi=hard -mthumb -o "Core/Src/main.o"
../Core/Src/flow_controller.c:59:6: error: conflicting types for 'dacSet'; have 'void(DAC_HandleTypeDef *, uint32_t,  float)' {aka 'void(DAC_HandleTypeDef *, long unsigned int,  float)'}
   59 | void dacSet(DAC_HandleTypeDef *dac, uint32_t channel, float volts){
      |      ^~~~~~
In file included from ../Core/Src/flow_controller.c:9:
../Core/Inc/flow_controller.h:21:6: note: previous declaration of 'dacSet' with type 'void(dac_handletypedef *, float)'
   21 | void dacSet(dac_handletypedef *dac, float volts);
      |      ^~~~~~
make: *** [Core/Src/subdir.mk:37: Core/Src/flow_controller.o] Error 1
make: *** Waiting for unfinished jobs....
../Core/Src/main.c: In function 'main':
../Core/Src/main.c:143:10: error: incompatible type for argument 1 of 'dacSet'
  143 |   dacSet(hdac, DAC_CHANNEL_1, 1.4);
      |          ^~~~
      |          |
      |          DAC_HandleTypeDef
In file included from ../Core/Src/main.c:24:
../Core/Inc/flow_controller.h:21:32: note: expected 'dac_handletypedef *' but argument is of type 'DAC_HandleTypeDef'
   21 | void dacSet(dac_handletypedef *dac, float volts);
      |             ~~~~~~~~~~~~~~~~~~~^~~
../Core/Src/main.c:143:3: error: too many arguments to function 'dacSet'
  143 |   dacSet(hdac, DAC_CHANNEL_1, 1.4);
      |   ^~~~~~
In file included from ../Core/Src/main.c:24:
../Core/Inc/flow_controller.h:21:6: note: declared here
   21 | void dacSet(dac_handletypedef *dac, float volts);
      |      ^~~~~~
make: *** [Core/Src/subdir.mk:37: Core/Src/main.o] Error 1
"make -j12 all" terminated with exit code 2. Build might be incomplete.
20:05:15 **** Incremental Build of configuration Debug for project SeniorDesign ****
make -j12 all 
arm-none-eabi-gcc "../Core/Src/flow_controller.c" -mcpu=cortex-m7 -std=gnu11 -g3 -DDEBUG -DUSE_HAL_DRIVER -DSTM32F767xx -c -I../Core/Inc -I../Drivers/STM32F7xx_HAL_Driver/Inc -I../Drivers/STM32F7xx_HAL_Driver/Inc/Legacy -I../Drivers/CMSIS/Device/ST/STM32F7xx/Include -I../Drivers/CMSIS/Include -O0 -ffunction-sections -fdata-sections -Wall -fstack-usage -fcyclomatic-complexity -MMD -MP -MF"Core/Src/flow_controller.d" -MT"Core/Src/flow_controller.o" --specs=nano.specs -mfpu=fpv5-d16 -mfloat-abi=hard -mthumb -o "Core/Src/flow_controller.o"
arm-none-eabi-gcc "../Core/Src/main.c" -mcpu=cortex-m7 -std=gnu11 -g3 -DDEBUG -DUSE_HAL_DRIVER -DSTM32F767xx -c -I../Core/Inc -I../Drivers/STM32F7xx_HAL_Driver/Inc -I../Drivers/STM32F7xx_HAL_Driver/Inc/Legacy -I../Drivers/CMSIS/Device/ST/STM32F7xx/Include -I../Drivers/CMSIS/Include -O0 -ffunction-sections -fdata-sections -Wall -fstack-usage -fcyclomatic-complexity -MMD -MP -MF"Core/Src/main.d" -MT"Core/Src/main.o" --specs=nano.specs -mfpu=fpv5-d16 -mfloat-abi=hard -mthumb -o "Core/Src/main.o"
../Core/Src/flow_controller.c:59:6: error: conflicting types for 'dacSet'; have 'void(DAC_HandleTypeDef *, uint32_t,  float)' {aka 'void(DAC_HandleTypeDef *, long unsigned int,  float)'}
   59 | void dacSet(DAC_HandleTypeDef *dac, uint32_t channel, float volts){
      |      ^~~~~~
In file included from ../Core/Src/flow_controller.c:9:
../Core/Inc/flow_controller.h:21:6: note: previous declaration of 'dacSet' with type 'void(dac_handletypedef *, float)'
   21 | void dacSet(dac_handletypedef *dac, float volts);
      |      ^~~~~~
../Core/Src/main.c: In function 'main':
../Core/Src/main.c:143:10: warning: passing argument 1 of 'dacSet' from incompatible pointer type [-Wincompatible-pointer-types]
  143 |   dacSet(&hdac, DAC_CHANNEL_1, 1.4);
      |          ^~~~~
      |          |
      |          DAC_HandleTypeDef *
In file included from ../Core/Src/main.c:24:
../Core/Inc/flow_controller.h:21:32: note: expected 'dac_handletypedef *' but argument is of type 'DAC_HandleTypeDef *'
   21 | void dacSet(dac_handletypedef *dac, float volts);
      |             ~~~~~~~~~~~~~~~~~~~^~~
../Core/Src/main.c:143:3: error: too many arguments to function 'dacSet'
  143 |   dacSet(&hdac, DAC_CHANNEL_1, 1.4);
      |   ^~~~~~
In file included from ../Core/Src/main.c:24:
../Core/Inc/flow_controller.h:21:6: note: declared here
   21 | void dacSet(dac_handletypedef *dac, float volts);
      |      ^~~~~~
make: *** [Core/Src/subdir.mk:37: Core/Src/flow_controller.o] Error 1
make: *** Waiting for unfinished jobs....
make: *** [Core/Src/subdir.mk:37: Core/Src/main.o] Error 1
"make -j12 all" terminated with exit code 2. Build might be incomplete.
20:08:56 **** Incremental Build of configuration Debug for project testing ****
make -j12 all 
arm-none-eabi-gcc "../Core/Src/flow_controller.c" -mcpu=cortex-m4 -std=gnu11 -g3 -DDEBUG -DUSE_HAL_DRIVER -DSTM32F303x8 -c -I../Core/Inc -I../Drivers/STM32F3xx_HAL_Driver/Inc -I../Drivers/STM32F3xx_HAL_Driver/Inc/Legacy -I../Drivers/CMSIS/Device/ST/STM32F3xx/Include -I../Drivers/CMSIS/Include -O0 -ffunction-sections -fdata-sections -Wall -fstack-usage -fcyclomatic-complexity -MMD -MP -MF"Core/Src/flow_controller.d" -MT"Core/Src/flow_controller.o" --specs=nano.specs -mfpu=fpv4-sp-d16 -mfloat-abi=hard -mthumb -o "Core/Src/flow_controller.o"
arm-none-eabi-gcc "../Core/Src/main.c" -mcpu=cortex-m4 -std=gnu11 -g3 -DDEBUG -DUSE_HAL_DRIVER -DSTM32F303x8 -c -I../Core/Inc -I../Drivers/STM32F3xx_HAL_Driver/Inc -I../Drivers/STM32F3xx_HAL_Driver/Inc/Legacy -I../Drivers/CMSIS/Device/ST/STM32F3xx/Include -I../Drivers/CMSIS/Include -O0 -ffunction-sections -fdata-sections -Wall -fstack-usage -fcyclomatic-complexity -MMD -MP -MF"Core/Src/main.d" -MT"Core/Src/main.o" --specs=nano.specs -mfpu=fpv4-sp-d16 -mfloat-abi=hard -mthumb -o "Core/Src/main.o"
../Core/Src/flow_controller.c:53:6: error: conflicting types for 'dacSet'; have 'void(dac_handletypedef *, float)'
   53 | void dacSet(dac_handletypedef *dac, float volts){
      |      ^~~~~~
In file included from ../Core/Src/flow_controller.c:9:
../Core/Inc/flow_controller.h:23:6: note: previous declaration of 'dacSet' with type 'void(DAC_HandleTypeDef *, uint32_t,  float)' {aka 'void(struct __DAC_HandleTypeDef *, long unsigned int,  float)'}
   23 | void dacSet(DAC_HandleTypeDef *dac, uint32_t channel, float volts);
      |      ^~~~~~
make: *** [Core/Src/subdir.mk:37: Core/Src/flow_controller.o] Error 1
make: *** Waiting for unfinished jobs....
../Core/Src/main.c: In function 'main':
../Core/Src/main.c:109:27: warning: implicit declaration of function 'createDAC' [-Wimplicit-function-declaration]
  109 |   dac_handletypedef reg = createDAC(&hdac1, DAC_CHANNEL_1);
      |                           ^~~~~~~~~
../Core/Src/main.c:109:27: error: invalid initializer
../Core/Src/main.c:110:10: warning: passing argument 1 of 'dacSet' from incompatible pointer type [-Wincompatible-pointer-types]
  110 |   dacSet(&reg, value_dac);
      |          ^~~~
      |          |
      |          dac_handletypedef *
In file included from ../Core/Src/main.c:24:
../Core/Inc/flow_controller.h:23:32: note: expected 'DAC_HandleTypeDef *' {aka 'struct __DAC_HandleTypeDef *'} but argument is of type 'dac_handletypedef *'
   23 | void dacSet(DAC_HandleTypeDef *dac, uint32_t channel, float volts);
      |             ~~~~~~~~~~~~~~~~~~~^~~
../Core/Src/main.c:110:3: error: too few arguments to function 'dacSet'
  110 |   dacSet(&reg, value_dac);
      |   ^~~~~~
In file included from ../Core/Src/main.c:24:
../Core/Inc/flow_controller.h:23:6: note: declared here
   23 | void dacSet(DAC_HandleTypeDef *dac, uint32_t channel, float volts);
      |      ^~~~~~
make: *** [Core/Src/subdir.mk:37: Core/Src/main.o] Error 1
"make -j12 all" terminated with exit code 2. Build might be incomplete.
20:10:48 **** Incremental Build of configuration Debug for project SeniorDesign ****
make -j12 all 
arm-none-eabi-gcc "../Core/Src/flow_controller.c" -mcpu=cortex-m7 -std=gnu11 -g3 -DDEBUG -DUSE_HAL_DRIVER -DSTM32F767xx -c -I../Core/Inc -I../Drivers/STM32F7xx_HAL_Driver/Inc -I../Drivers/STM32F7xx_HAL_Driver/Inc/Legacy -I../Drivers/CMSIS/Device/ST/STM32F7xx/Include -I../Drivers/CMSIS/Include -O0 -ffunction-sections -fdata-sections -Wall -fstack-usage -fcyclomatic-complexity -MMD -MP -MF"Core/Src/flow_controller.d" -MT"Core/Src/flow_controller.o" --specs=nano.specs -mfpu=fpv5-d16 -mfloat-abi=hard -mthumb -o "Core/Src/flow_controller.o"
arm-none-eabi-gcc "../Core/Src/main.c" -mcpu=cortex-m7 -std=gnu11 -g3 -DDEBUG -DUSE_HAL_DRIVER -DSTM32F767xx -c -I../Core/Inc -I../Drivers/STM32F7xx_HAL_Driver/Inc -I../Drivers/STM32F7xx_HAL_Driver/Inc/Legacy -I../Drivers/CMSIS/Device/ST/STM32F7xx/Include -I../Drivers/CMSIS/Include -O0 -ffunction-sections -fdata-sections -Wall -fstack-usage -fcyclomatic-complexity -MMD -MP -MF"Core/Src/main.d" -MT"Core/Src/main.o" --specs=nano.specs -mfpu=fpv5-d16 -mfloat-abi=hard -mthumb -o "Core/Src/main.o"
../Core/Src/main.c: In function 'main':
../Core/Src/main.c:143:3: warning: implicit declaration of function 'dacSet'; did you mean 'adcGet'? [-Wimplicit-function-declaration]
  143 |   dacSet(&hdac, DAC_CHANNEL_1, 1.4);
      |   ^~~~~~
      |   adcGet
arm-none-eabi-gcc -o "SeniorDesign.elf" @"objects.list"   -mcpu=cortex-m7 -T"C:\Users\oneju\STM32CubeIDE\seniorproject\stm_workplace\SeniorDesign\STM32F767ZITX_FLASH.ld" --specs=nosys.specs -Wl,-Map="SeniorDesign.map" -Wl,--gc-sections -static -u _printf_float --specs=nano.specs -mfpu=fpv5-d16 -mfloat-abi=hard -mthumb -Wl,--start-group -lc -lm -Wl,--end-group
Finished building target: SeniorDesign.elf
 
arm-none-eabi-size  SeniorDesign.elf 
arm-none-eabi-objdump -h -S SeniorDesign.elf  > "SeniorDesign.list"
   text	   data	    bss	    dec	    hex	filename
  30008	    796	   3668	  34472	   86a8	SeniorDesign.elf
Finished building: default.size.stdout
 
Finished building: SeniorDesign.list
 
20:11:35 **** Incremental Build of configuration Debug for project SeniorDesign ****
make -j12 all 
arm-none-eabi-gcc "../Core/Src/flow_controller.c" -mcpu=cortex-m7 -std=gnu11 -g3 -DDEBUG -DUSE_HAL_DRIVER -DSTM32F767xx -c -I../Core/Inc -I../Drivers/STM32F7xx_HAL_Driver/Inc -I../Drivers/STM32F7xx_HAL_Driver/Inc/Legacy -I../Drivers/CMSIS/Device/ST/STM32F7xx/Include -I../Drivers/CMSIS/Include -O0 -ffunction-sections -fdata-sections -Wall -fstack-usage -fcyclomatic-complexity -MMD -MP -MF"Core/Src/flow_controller.d" -MT"Core/Src/flow_controller.o" --specs=nano.specs -mfpu=fpv5-d16 -mfloat-abi=hard -mthumb -o "Core/Src/flow_controller.o"
arm-none-eabi-gcc "../Core/Src/main.c" -mcpu=cortex-m7 -std=gnu11 -g3 -DDEBUG -DUSE_HAL_DRIVER -DSTM32F767xx -c -I../Core/Inc -I../Drivers/STM32F7xx_HAL_Driver/Inc -I../Drivers/STM32F7xx_HAL_Driver/Inc/Legacy -I../Drivers/CMSIS/Device/ST/STM32F7xx/Include -I../Drivers/CMSIS/Include -O0 -ffunction-sections -fdata-sections -Wall -fstack-usage -fcyclomatic-complexity -MMD -MP -MF"Core/Src/main.d" -MT"Core/Src/main.o" --specs=nano.specs -mfpu=fpv5-d16 -mfloat-abi=hard -mthumb -o "Core/Src/main.o"
arm-none-eabi-gcc -o "SeniorDesign.elf" @"objects.list"   -mcpu=cortex-m7 -T"C:\Users\oneju\STM32CubeIDE\seniorproject\stm_workplace\SeniorDesign\STM32F767ZITX_FLASH.ld" --specs=nosys.specs -Wl,-Map="SeniorDesign.map" -Wl,--gc-sections -static -u _printf_float --specs=nano.specs -mfpu=fpv5-d16 -mfloat-abi=hard -mthumb -Wl,--start-group -lc -lm -Wl,--end-group
Finished building target: SeniorDesign.elf
 
arm-none-eabi-size  SeniorDesign.elf 
arm-none-eabi-objdump -h -S SeniorDesign.elf  > "SeniorDesign.list"
   text	   data	    bss	    dec	    hex	filename
  30000	    796	   3668	  34464	   86a0	SeniorDesign.elf
Finished building: default.size.stdout
 
Finished building: SeniorDesign.list
 
20:16:31 **** Incremental Build of configuration Debug for project SeniorDesign ****
make -j12 all 
arm-none-eabi-gcc "../Core/Src/main.c" -mcpu=cortex-m7 -std=gnu11 -g3 -DDEBUG -DUSE_HAL_DRIVER -DSTM32F767xx -c -I../Core/Inc -I../Drivers/STM32F7xx_HAL_Driver/Inc -I../Drivers/STM32F7xx_HAL_Driver/Inc/Legacy -I../Drivers/CMSIS/Device/ST/STM32F7xx/Include -I../Drivers/CMSIS/Include -O0 -ffunction-sections -fdata-sections -Wall -fstack-usage -fcyclomatic-complexity -MMD -MP -MF"Core/Src/main.d" -MT"Core/Src/main.o" --specs=nano.specs -mfpu=fpv5-d16 -mfloat-abi=hard -mthumb -o "Core/Src/main.o"
arm-none-eabi-gcc -o "SeniorDesign.elf" @"objects.list"   -mcpu=cortex-m7 -T"C:\Users\oneju\STM32CubeIDE\seniorproject\stm_workplace\SeniorDesign\STM32F767ZITX_FLASH.ld" --specs=nosys.specs -Wl,-Map="SeniorDesign.map" -Wl,--gc-sections -static -u _printf_float --specs=nano.specs -mfpu=fpv5-d16 -mfloat-abi=hard -mthumb -Wl,--start-group -lc -lm -Wl,--end-group
Finished building target: SeniorDesign.elf
 
arm-none-eabi-size  SeniorDesign.elf 
arm-none-eabi-objdump -h -S SeniorDesign.elf  > "SeniorDesign.list"
   text	   data	    bss	    dec	    hex	filename
  29992	    796	   3668	  34456	   8698	SeniorDesign.elf
Finished building: default.size.stdout
 
Finished building: SeniorDesign.list
 
20:24:17 **** Incremental Build of configuration Debug for project SeniorDesign ****
make -j12 all 
arm-none-eabi-gcc "../Core/Src/flow_controller.c" -mcpu=cortex-m7 -std=gnu11 -g3 -DDEBUG -DUSE_HAL_DRIVER -DSTM32F767xx -c -I../Core/Inc -I../Drivers/STM32F7xx_HAL_Driver/Inc -I../Drivers/STM32F7xx_HAL_Driver/Inc/Legacy -I../Drivers/CMSIS/Device/ST/STM32F7xx/Include -I../Drivers/CMSIS/Include -O0 -ffunction-sections -fdata-sections -Wall -fstack-usage -fcyclomatic-complexity -MMD -MP -MF"Core/Src/flow_controller.d" -MT"Core/Src/flow_controller.o" --specs=nano.specs -mfpu=fpv5-d16 -mfloat-abi=hard -mthumb -o "Core/Src/flow_controller.o"
arm-none-eabi-gcc "../Core/Src/main.c" -mcpu=cortex-m7 -std=gnu11 -g3 -DDEBUG -DUSE_HAL_DRIVER -DSTM32F767xx -c -I../Core/Inc -I../Drivers/STM32F7xx_HAL_Driver/Inc -I../Drivers/STM32F7xx_HAL_Driver/Inc/Legacy -I../Drivers/CMSIS/Device/ST/STM32F7xx/Include -I../Drivers/CMSIS/Include -O0 -ffunction-sections -fdata-sections -Wall -fstack-usage -fcyclomatic-complexity -MMD -MP -MF"Core/Src/main.d" -MT"Core/Src/main.o" --specs=nano.specs -mfpu=fpv5-d16 -mfloat-abi=hard -mthumb -o "Core/Src/main.o"
arm-none-eabi-gcc -o "SeniorDesign.elf" @"objects.list"   -mcpu=cortex-m7 -T"C:\Users\oneju\STM32CubeIDE\seniorproject\stm_workplace\SeniorDesign\STM32F767ZITX_FLASH.ld" --specs=nosys.specs -Wl,-Map="SeniorDesign.map" -Wl,--gc-sections -static -u _printf_float --specs=nano.specs -mfpu=fpv5-d16 -mfloat-abi=hard -mthumb -Wl,--start-group -lc -lm -Wl,--end-group
Finished building target: SeniorDesign.elf
 
arm-none-eabi-size  SeniorDesign.elf 
arm-none-eabi-objdump -h -S SeniorDesign.elf  > "SeniorDesign.list"
   text	   data	    bss	    dec	    hex	filename
  31768	    796	   3668	  36232	   8d88	SeniorDesign.elf
Finished building: default.size.stdout
 
Finished building: SeniorDesign.list
 
20:30:11 **** Incremental Build of configuration Debug for project SeniorDesign ****
make -j12 all 
arm-none-eabi-size  SeniorDesign.elf 
   text	   data	    bss	    dec	    hex	filename
  31768	    796	   3668	  36232	   8d88	SeniorDesign.elf
Finished building: default.size.stdout
 
20:32:28 **** Incremental Build of configuration Debug for project SeniorDesign ****
make -j12 all 
arm-none-eabi-gcc "../Core/Src/main.c" -mcpu=cortex-m7 -std=gnu11 -g3 -DDEBUG -DUSE_HAL_DRIVER -DSTM32F767xx -c -I../Core/Inc -I../Drivers/STM32F7xx_HAL_Driver/Inc -I../Drivers/STM32F7xx_HAL_Driver/Inc/Legacy -I../Drivers/CMSIS/Device/ST/STM32F7xx/Include -I../Drivers/CMSIS/Include -O0 -ffunction-sections -fdata-sections -Wall -fstack-usage -fcyclomatic-complexity -MMD -MP -MF"Core/Src/main.d" -MT"Core/Src/main.o" --specs=nano.specs -mfpu=fpv5-d16 -mfloat-abi=hard -mthumb -o "Core/Src/main.o"
arm-none-eabi-gcc -o "SeniorDesign.elf" @"objects.list"   -mcpu=cortex-m7 -T"C:\Users\oneju\STM32CubeIDE\seniorproject\stm_workplace\SeniorDesign\STM32F767ZITX_FLASH.ld" --specs=nosys.specs -Wl,-Map="SeniorDesign.map" -Wl,--gc-sections -static -u _printf_float --specs=nano.specs -mfpu=fpv5-d16 -mfloat-abi=hard -mthumb -Wl,--start-group -lc -lm -Wl,--end-group
Finished building target: SeniorDesign.elf
 
arm-none-eabi-size  SeniorDesign.elf 
arm-none-eabi-objdump -h -S SeniorDesign.elf  > "SeniorDesign.list"
   text	   data	    bss	    dec	    hex	filename
  31768	    796	   3668	  36232	   8d88	SeniorDesign.elf
Finished building: default.size.stdout
 
Finished building: SeniorDesign.list
 
20:34:24 **** Incremental Build of configuration Debug for project SeniorDesign ****
make -j12 all 
arm-none-eabi-size  SeniorDesign.elf 
   text	   data	    bss	    dec	    hex	filename
  31768	    796	   3668	  36232	   8d88	SeniorDesign.elf
Finished building: default.size.stdout
 
21:16:15 **** Incremental Build of configuration Debug for project SeniorDesign ****
make -j12 all 
arm-none-eabi-gcc "../Core/Src/flow_controller.c" -mcpu=cortex-m7 -std=gnu11 -g3 -DDEBUG -DUSE_HAL_DRIVER -DSTM32F767xx -c -I../Core/Inc -I../Drivers/STM32F7xx_HAL_Driver/Inc -I../Drivers/STM32F7xx_HAL_Driver/Inc/Legacy -I../Drivers/CMSIS/Device/ST/STM32F7xx/Include -I../Drivers/CMSIS/Include -O0 -ffunction-sections -fdata-sections -Wall -fstack-usage -fcyclomatic-complexity -MMD -MP -MF"Core/Src/flow_controller.d" -MT"Core/Src/flow_controller.o" --specs=nano.specs -mfpu=fpv5-d16 -mfloat-abi=hard -mthumb -o "Core/Src/flow_controller.o"
arm-none-eabi-gcc "../Core/Src/main.c" -mcpu=cortex-m7 -std=gnu11 -g3 -DDEBUG -DUSE_HAL_DRIVER -DSTM32F767xx -c -I../Core/Inc -I../Drivers/STM32F7xx_HAL_Driver/Inc -I../Drivers/STM32F7xx_HAL_Driver/Inc/Legacy -I../Drivers/CMSIS/Device/ST/STM32F7xx/Include -I../Drivers/CMSIS/Include -O0 -ffunction-sections -fdata-sections -Wall -fstack-usage -fcyclomatic-complexity -MMD -MP -MF"Core/Src/main.d" -MT"Core/Src/main.o" --specs=nano.specs -mfpu=fpv5-d16 -mfloat-abi=hard -mthumb -o "Core/Src/main.o"
arm-none-eabi-gcc -o "SeniorDesign.elf" @"objects.list"   -mcpu=cortex-m7 -T"C:\Users\oneju\STM32CubeIDE\seniorproject\stm_workplace\SeniorDesign\STM32F767ZITX_FLASH.ld" --specs=nosys.specs -Wl,-Map="SeniorDesign.map" -Wl,--gc-sections -static -u _printf_float --specs=nano.specs -mfpu=fpv5-d16 -mfloat-abi=hard -mthumb -Wl,--start-group -lc -lm -Wl,--end-group
Finished building target: SeniorDesign.elf
 
arm-none-eabi-size  SeniorDesign.elf 
arm-none-eabi-objdump -h -S SeniorDesign.elf  > "SeniorDesign.list"
   text	   data	    bss	    dec	    hex	filename
  31872	    796	   3676	  36344	   8df8	SeniorDesign.elf
Finished building: default.size.stdout
 
Finished building: SeniorDesign.list
 
21:16:22 **** Incremental Build of configuration Debug for project SeniorDesign ****
make -j12 all 
arm-none-eabi-size  SeniorDesign.elf 
   text	   data	    bss	    dec	    hex	filename
  31872	    796	   3676	  36344	   8df8	SeniorDesign.elf
Finished building: default.size.stdout
 
21:17:12 **** Incremental Build of configuration Debug for project SeniorDesign ****
make -j12 all 
arm-none-eabi-gcc "../Core/Src/main.c" -mcpu=cortex-m7 -std=gnu11 -g3 -DDEBUG -DUSE_HAL_DRIVER -DSTM32F767xx -c -I../Core/Inc -I../Drivers/STM32F7xx_HAL_Driver/Inc -I../Drivers/STM32F7xx_HAL_Driver/Inc/Legacy -I../Drivers/CMSIS/Device/ST/STM32F7xx/Include -I../Drivers/CMSIS/Include -O0 -ffunction-sections -fdata-sections -Wall -fstack-usage -fcyclomatic-complexity -MMD -MP -MF"Core/Src/main.d" -MT"Core/Src/main.o" --specs=nano.specs -mfpu=fpv5-d16 -mfloat-abi=hard -mthumb -o "Core/Src/main.o"
arm-none-eabi-gcc -o "SeniorDesign.elf" @"objects.list"   -mcpu=cortex-m7 -T"C:\Users\oneju\STM32CubeIDE\seniorproject\stm_workplace\SeniorDesign\STM32F767ZITX_FLASH.ld" --specs=nosys.specs -Wl,-Map="SeniorDesign.map" -Wl,--gc-sections -static -u _printf_float --specs=nano.specs -mfpu=fpv5-d16 -mfloat-abi=hard -mthumb -Wl,--start-group -lc -lm -Wl,--end-group
Finished building target: SeniorDesign.elf
 
arm-none-eabi-size  SeniorDesign.elf 
arm-none-eabi-objdump -h -S SeniorDesign.elf  > "SeniorDesign.list"
   text	   data	    bss	    dec	    hex	filename
  31880	    796	   3676	  36352	   8e00	SeniorDesign.elf
Finished building: default.size.stdout
 
Finished building: SeniorDesign.list
 
20:27:36 **** Incremental Build of configuration Debug for project SeniorDesign ****
make -j12 all 
arm-none-eabi-gcc "../Drivers/STM32F7xx_HAL_Driver/Src/stm32f7xx_hal.c" -mcpu=cortex-m7 -std=gnu11 -g3 -DDEBUG -DUSE_HAL_DRIVER -DSTM32F767xx -c -I../Core/Inc -I../Drivers/STM32F7xx_HAL_Driver/Inc -I../Drivers/STM32F7xx_HAL_Driver/Inc/Legacy -I../Drivers/CMSIS/Device/ST/STM32F7xx/Include -I../Drivers/CMSIS/Include -O0 -ffunction-sections -fdata-sections -Wall -fstack-usage -fcyclomatic-complexity -MMD -MP -MF"Drivers/STM32F7xx_HAL_Driver/Src/stm32f7xx_hal.d" -MT"Drivers/STM32F7xx_HAL_Driver/Src/stm32f7xx_hal.o" --specs=nano.specs -mfpu=fpv5-d16 -mfloat-abi=hard -mthumb -o "Drivers/STM32F7xx_HAL_Driver/Src/stm32f7xx_hal.o"
arm-none-eabi-gcc "../Drivers/STM32F7xx_HAL_Driver/Src/stm32f7xx_hal_adc.c" -mcpu=cortex-m7 -std=gnu11 -g3 -DDEBUG -DUSE_HAL_DRIVER -DSTM32F767xx -c -I../Core/Inc -I../Drivers/STM32F7xx_HAL_Driver/Inc -I../Drivers/STM32F7xx_HAL_Driver/Inc/Legacy -I../Drivers/CMSIS/Device/ST/STM32F7xx/Include -I../Drivers/CMSIS/Include -O0 -ffunction-sections -fdata-sections -Wall -fstack-usage -fcyclomatic-complexity -MMD -MP -MF"Drivers/STM32F7xx_HAL_Driver/Src/stm32f7xx_hal_adc.d" -MT"Drivers/STM32F7xx_HAL_Driver/Src/stm32f7xx_hal_adc.o" --specs=nano.specs -mfpu=fpv5-d16 -mfloat-abi=hard -mthumb -o "Drivers/STM32F7xx_HAL_Driver/Src/stm32f7xx_hal_adc.o"
arm-none-eabi-gcc "../Drivers/STM32F7xx_HAL_Driver/Src/stm32f7xx_hal_adc_ex.c" -mcpu=cortex-m7 -std=gnu11 -g3 -DDEBUG -DUSE_HAL_DRIVER -DSTM32F767xx -c -I../Core/Inc -I../Drivers/STM32F7xx_HAL_Driver/Inc -I../Drivers/STM32F7xx_HAL_Driver/Inc/Legacy -I../Drivers/CMSIS/Device/ST/STM32F7xx/Include -I../Drivers/CMSIS/Include -O0 -ffunction-sections -fdata-sections -Wall -fstack-usage -fcyclomatic-complexity -MMD -MP -MF"Drivers/STM32F7xx_HAL_Driver/Src/stm32f7xx_hal_adc_ex.d" -MT"Drivers/STM32F7xx_HAL_Driver/Src/stm32f7xx_hal_adc_ex.o" --specs=nano.specs -mfpu=fpv5-d16 -mfloat-abi=hard -mthumb -o "Drivers/STM32F7xx_HAL_Driver/Src/stm32f7xx_hal_adc_ex.o"
arm-none-eabi-gcc "../Drivers/STM32F7xx_HAL_Driver/Src/stm32f7xx_hal_cortex.c" -mcpu=cortex-m7 -std=gnu11 -g3 -DDEBUG -DUSE_HAL_DRIVER -DSTM32F767xx -c -I../Core/Inc -I../Drivers/STM32F7xx_HAL_Driver/Inc -I../Drivers/STM32F7xx_HAL_Driver/Inc/Legacy -I../Drivers/CMSIS/Device/ST/STM32F7xx/Include -I../Drivers/CMSIS/Include -O0 -ffunction-sections -fdata-sections -Wall -fstack-usage -fcyclomatic-complexity -MMD -MP -MF"Drivers/STM32F7xx_HAL_Driver/Src/stm32f7xx_hal_cortex.d" -MT"Drivers/STM32F7xx_HAL_Driver/Src/stm32f7xx_hal_cortex.o" --specs=nano.specs -mfpu=fpv5-d16 -mfloat-abi=hard -mthumb -o "Drivers/STM32F7xx_HAL_Driver/Src/stm32f7xx_hal_cortex.o"
arm-none-eabi-gcc "../Drivers/STM32F7xx_HAL_Driver/Src/stm32f7xx_hal_dac.c" -mcpu=cortex-m7 -std=gnu11 -g3 -DDEBUG -DUSE_HAL_DRIVER -DSTM32F767xx -c -I../Core/Inc -I../Drivers/STM32F7xx_HAL_Driver/Inc -I../Drivers/STM32F7xx_HAL_Driver/Inc/Legacy -I../Drivers/CMSIS/Device/ST/STM32F7xx/Include -I../Drivers/CMSIS/Include -O0 -ffunction-sections -fdata-sections -Wall -fstack-usage -fcyclomatic-complexity -MMD -MP -MF"Drivers/STM32F7xx_HAL_Driver/Src/stm32f7xx_hal_dac.d" -MT"Drivers/STM32F7xx_HAL_Driver/Src/stm32f7xx_hal_dac.o" --specs=nano.specs -mfpu=fpv5-d16 -mfloat-abi=hard -mthumb -o "Drivers/STM32F7xx_HAL_Driver/Src/stm32f7xx_hal_dac.o"
arm-none-eabi-gcc "../Drivers/STM32F7xx_HAL_Driver/Src/stm32f7xx_hal_dac_ex.c" -mcpu=cortex-m7 -std=gnu11 -g3 -DDEBUG -DUSE_HAL_DRIVER -DSTM32F767xx -c -I../Core/Inc -I../Drivers/STM32F7xx_HAL_Driver/Inc -I../Drivers/STM32F7xx_HAL_Driver/Inc/Legacy -I../Drivers/CMSIS/Device/ST/STM32F7xx/Include -I../Drivers/CMSIS/Include -O0 -ffunction-sections -fdata-sections -Wall -fstack-usage -fcyclomatic-complexity -MMD -MP -MF"Drivers/STM32F7xx_HAL_Driver/Src/stm32f7xx_hal_dac_ex.d" -MT"Drivers/STM32F7xx_HAL_Driver/Src/stm32f7xx_hal_dac_ex.o" --specs=nano.specs -mfpu=fpv5-d16 -mfloat-abi=hard -mthumb -o "Drivers/STM32F7xx_HAL_Driver/Src/stm32f7xx_hal_dac_ex.o"
arm-none-eabi-gcc "../Drivers/STM32F7xx_HAL_Driver/Src/stm32f7xx_hal_dma.c" -mcpu=cortex-m7 -std=gnu11 -g3 -DDEBUG -DUSE_HAL_DRIVER -DSTM32F767xx -c -I../Core/Inc -I../Drivers/STM32F7xx_HAL_Driver/Inc -I../Drivers/STM32F7xx_HAL_Driver/Inc/Legacy -I../Drivers/CMSIS/Device/ST/STM32F7xx/Include -I../Drivers/CMSIS/Include -O0 -ffunction-sections -fdata-sections -Wall -fstack-usage -fcyclomatic-complexity -MMD -MP -MF"Drivers/STM32F7xx_HAL_Driver/Src/stm32f7xx_hal_dma.d" -MT"Drivers/STM32F7xx_HAL_Driver/Src/stm32f7xx_hal_dma.o" --specs=nano.specs -mfpu=fpv5-d16 -mfloat-abi=hard -mthumb -o "Drivers/STM32F7xx_HAL_Driver/Src/stm32f7xx_hal_dma.o"
arm-none-eabi-gcc "../Drivers/STM32F7xx_HAL_Driver/Src/stm32f7xx_hal_dma_ex.c" -mcpu=cortex-m7 -std=gnu11 -g3 -DDEBUG -DUSE_HAL_DRIVER -DSTM32F767xx -c -I../Core/Inc -I../Drivers/STM32F7xx_HAL_Driver/Inc -I../Drivers/STM32F7xx_HAL_Driver/Inc/Legacy -I../Drivers/CMSIS/Device/ST/STM32F7xx/Include -I../Drivers/CMSIS/Include -O0 -ffunction-sections -fdata-sections -Wall -fstack-usage -fcyclomatic-complexity -MMD -MP -MF"Drivers/STM32F7xx_HAL_Driver/Src/stm32f7xx_hal_dma_ex.d" -MT"Drivers/STM32F7xx_HAL_Driver/Src/stm32f7xx_hal_dma_ex.o" --specs=nano.specs -mfpu=fpv5-d16 -mfloat-abi=hard -mthumb -o "Drivers/STM32F7xx_HAL_Driver/Src/stm32f7xx_hal_dma_ex.o"
arm-none-eabi-gcc "../Drivers/STM32F7xx_HAL_Driver/Src/stm32f7xx_hal_eth.c" -mcpu=cortex-m7 -std=gnu11 -g3 -DDEBUG -DUSE_HAL_DRIVER -DSTM32F767xx -c -I../Core/Inc -I../Drivers/STM32F7xx_HAL_Driver/Inc -I../Drivers/STM32F7xx_HAL_Driver/Inc/Legacy -I../Drivers/CMSIS/Device/ST/STM32F7xx/Include -I../Drivers/CMSIS/Include -O0 -ffunction-sections -fdata-sections -Wall -fstack-usage -fcyclomatic-complexity -MMD -MP -MF"Drivers/STM32F7xx_HAL_Driver/Src/stm32f7xx_hal_eth.d" -MT"Drivers/STM32F7xx_HAL_Driver/Src/stm32f7xx_hal_eth.o" --specs=nano.specs -mfpu=fpv5-d16 -mfloat-abi=hard -mthumb -o "Drivers/STM32F7xx_HAL_Driver/Src/stm32f7xx_hal_eth.o"
arm-none-eabi-gcc "../Drivers/STM32F7xx_HAL_Driver/Src/stm32f7xx_hal_exti.c" -mcpu=cortex-m7 -std=gnu11 -g3 -DDEBUG -DUSE_HAL_DRIVER -DSTM32F767xx -c -I../Core/Inc -I../Drivers/STM32F7xx_HAL_Driver/Inc -I../Drivers/STM32F7xx_HAL_Driver/Inc/Legacy -I../Drivers/CMSIS/Device/ST/STM32F7xx/Include -I../Drivers/CMSIS/Include -O0 -ffunction-sections -fdata-sections -Wall -fstack-usage -fcyclomatic-complexity -MMD -MP -MF"Drivers/STM32F7xx_HAL_Driver/Src/stm32f7xx_hal_exti.d" -MT"Drivers/STM32F7xx_HAL_Driver/Src/stm32f7xx_hal_exti.o" --specs=nano.specs -mfpu=fpv5-d16 -mfloat-abi=hard -mthumb -o "Drivers/STM32F7xx_HAL_Driver/Src/stm32f7xx_hal_exti.o"
arm-none-eabi-gcc "../Drivers/STM32F7xx_HAL_Driver/Src/stm32f7xx_hal_flash.c" -mcpu=cortex-m7 -std=gnu11 -g3 -DDEBUG -DUSE_HAL_DRIVER -DSTM32F767xx -c -I../Core/Inc -I../Drivers/STM32F7xx_HAL_Driver/Inc -I../Drivers/STM32F7xx_HAL_Driver/Inc/Legacy -I../Drivers/CMSIS/Device/ST/STM32F7xx/Include -I../Drivers/CMSIS/Include -O0 -ffunction-sections -fdata-sections -Wall -fstack-usage -fcyclomatic-complexity -MMD -MP -MF"Drivers/STM32F7xx_HAL_Driver/Src/stm32f7xx_hal_flash.d" -MT"Drivers/STM32F7xx_HAL_Driver/Src/stm32f7xx_hal_flash.o" --specs=nano.specs -mfpu=fpv5-d16 -mfloat-abi=hard -mthumb -o "Drivers/STM32F7xx_HAL_Driver/Src/stm32f7xx_hal_flash.o"
arm-none-eabi-gcc "../Drivers/STM32F7xx_HAL_Driver/Src/stm32f7xx_hal_flash_ex.c" -mcpu=cortex-m7 -std=gnu11 -g3 -DDEBUG -DUSE_HAL_DRIVER -DSTM32F767xx -c -I../Core/Inc -I../Drivers/STM32F7xx_HAL_Driver/Inc -I../Drivers/STM32F7xx_HAL_Driver/Inc/Legacy -I../Drivers/CMSIS/Device/ST/STM32F7xx/Include -I../Drivers/CMSIS/Include -O0 -ffunction-sections -fdata-sections -Wall -fstack-usage -fcyclomatic-complexity -MMD -MP -MF"Drivers/STM32F7xx_HAL_Driver/Src/stm32f7xx_hal_flash_ex.d" -MT"Drivers/STM32F7xx_HAL_Driver/Src/stm32f7xx_hal_flash_ex.o" --specs=nano.specs -mfpu=fpv5-d16 -mfloat-abi=hard -mthumb -o "Drivers/STM32F7xx_HAL_Driver/Src/stm32f7xx_hal_flash_ex.o"
arm-none-eabi-gcc "../Drivers/STM32F7xx_HAL_Driver/Src/stm32f7xx_hal_gpio.c" -mcpu=cortex-m7 -std=gnu11 -g3 -DDEBUG -DUSE_HAL_DRIVER -DSTM32F767xx -c -I../Core/Inc -I../Drivers/STM32F7xx_HAL_Driver/Inc -I../Drivers/STM32F7xx_HAL_Driver/Inc/Legacy -I../Drivers/CMSIS/Device/ST/STM32F7xx/Include -I../Drivers/CMSIS/Include -O0 -ffunction-sections -fdata-sections -Wall -fstack-usage -fcyclomatic-complexity -MMD -MP -MF"Drivers/STM32F7xx_HAL_Driver/Src/stm32f7xx_hal_gpio.d" -MT"Drivers/STM32F7xx_HAL_Driver/Src/stm32f7xx_hal_gpio.o" --specs=nano.specs -mfpu=fpv5-d16 -mfloat-abi=hard -mthumb -o "Drivers/STM32F7xx_HAL_Driver/Src/stm32f7xx_hal_gpio.o"
arm-none-eabi-gcc "../Drivers/STM32F7xx_HAL_Driver/Src/stm32f7xx_hal_i2c.c" -mcpu=cortex-m7 -std=gnu11 -g3 -DDEBUG -DUSE_HAL_DRIVER -DSTM32F767xx -c -I../Core/Inc -I../Drivers/STM32F7xx_HAL_Driver/Inc -I../Drivers/STM32F7xx_HAL_Driver/Inc/Legacy -I../Drivers/CMSIS/Device/ST/STM32F7xx/Include -I../Drivers/CMSIS/Include -O0 -ffunction-sections -fdata-sections -Wall -fstack-usage -fcyclomatic-complexity -MMD -MP -MF"Drivers/STM32F7xx_HAL_Driver/Src/stm32f7xx_hal_i2c.d" -MT"Drivers/STM32F7xx_HAL_Driver/Src/stm32f7xx_hal_i2c.o" --specs=nano.specs -mfpu=fpv5-d16 -mfloat-abi=hard -mthumb -o "Drivers/STM32F7xx_HAL_Driver/Src/stm32f7xx_hal_i2c.o"
arm-none-eabi-gcc "../Drivers/STM32F7xx_HAL_Driver/Src/stm32f7xx_hal_i2c_ex.c" -mcpu=cortex-m7 -std=gnu11 -g3 -DDEBUG -DUSE_HAL_DRIVER -DSTM32F767xx -c -I../Core/Inc -I../Drivers/STM32F7xx_HAL_Driver/Inc -I../Drivers/STM32F7xx_HAL_Driver/Inc/Legacy -I../Drivers/CMSIS/Device/ST/STM32F7xx/Include -I../Drivers/CMSIS/Include -O0 -ffunction-sections -fdata-sections -Wall -fstack-usage -fcyclomatic-complexity -MMD -MP -MF"Drivers/STM32F7xx_HAL_Driver/Src/stm32f7xx_hal_i2c_ex.d" -MT"Drivers/STM32F7xx_HAL_Driver/Src/stm32f7xx_hal_i2c_ex.o" --specs=nano.specs -mfpu=fpv5-d16 -mfloat-abi=hard -mthumb -o "Drivers/STM32F7xx_HAL_Driver/Src/stm32f7xx_hal_i2c_ex.o"
arm-none-eabi-gcc "../Drivers/STM32F7xx_HAL_Driver/Src/stm32f7xx_hal_pcd.c" -mcpu=cortex-m7 -std=gnu11 -g3 -DDEBUG -DUSE_HAL_DRIVER -DSTM32F767xx -c -I../Core/Inc -I../Drivers/STM32F7xx_HAL_Driver/Inc -I../Drivers/STM32F7xx_HAL_Driver/Inc/Legacy -I../Drivers/CMSIS/Device/ST/STM32F7xx/Include -I../Drivers/CMSIS/Include -O0 -ffunction-sections -fdata-sections -Wall -fstack-usage -fcyclomatic-complexity -MMD -MP -MF"Drivers/STM32F7xx_HAL_Driver/Src/stm32f7xx_hal_pcd.d" -MT"Drivers/STM32F7xx_HAL_Driver/Src/stm32f7xx_hal_pcd.o" --specs=nano.specs -mfpu=fpv5-d16 -mfloat-abi=hard -mthumb -o "Drivers/STM32F7xx_HAL_Driver/Src/stm32f7xx_hal_pcd.o"
arm-none-eabi-gcc "../Drivers/STM32F7xx_HAL_Driver/Src/stm32f7xx_hal_pcd_ex.c" -mcpu=cortex-m7 -std=gnu11 -g3 -DDEBUG -DUSE_HAL_DRIVER -DSTM32F767xx -c -I../Core/Inc -I../Drivers/STM32F7xx_HAL_Driver/Inc -I../Drivers/STM32F7xx_HAL_Driver/Inc/Legacy -I../Drivers/CMSIS/Device/ST/STM32F7xx/Include -I../Drivers/CMSIS/Include -O0 -ffunction-sections -fdata-sections -Wall -fstack-usage -fcyclomatic-complexity -MMD -MP -MF"Drivers/STM32F7xx_HAL_Driver/Src/stm32f7xx_hal_pcd_ex.d" -MT"Drivers/STM32F7xx_HAL_Driver/Src/stm32f7xx_hal_pcd_ex.o" --specs=nano.specs -mfpu=fpv5-d16 -mfloat-abi=hard -mthumb -o "Drivers/STM32F7xx_HAL_Driver/Src/stm32f7xx_hal_pcd_ex.o"
arm-none-eabi-gcc "../Drivers/STM32F7xx_HAL_Driver/Src/stm32f7xx_hal_pwr.c" -mcpu=cortex-m7 -std=gnu11 -g3 -DDEBUG -DUSE_HAL_DRIVER -DSTM32F767xx -c -I../Core/Inc -I../Drivers/STM32F7xx_HAL_Driver/Inc -I../Drivers/STM32F7xx_HAL_Driver/Inc/Legacy -I../Drivers/CMSIS/Device/ST/STM32F7xx/Include -I../Drivers/CMSIS/Include -O0 -ffunction-sections -fdata-sections -Wall -fstack-usage -fcyclomatic-complexity -MMD -MP -MF"Drivers/STM32F7xx_HAL_Driver/Src/stm32f7xx_hal_pwr.d" -MT"Drivers/STM32F7xx_HAL_Driver/Src/stm32f7xx_hal_pwr.o" --specs=nano.specs -mfpu=fpv5-d16 -mfloat-abi=hard -mthumb -o "Drivers/STM32F7xx_HAL_Driver/Src/stm32f7xx_hal_pwr.o"
arm-none-eabi-gcc "../Drivers/STM32F7xx_HAL_Driver/Src/stm32f7xx_hal_pwr_ex.c" -mcpu=cortex-m7 -std=gnu11 -g3 -DDEBUG -DUSE_HAL_DRIVER -DSTM32F767xx -c -I../Core/Inc -I../Drivers/STM32F7xx_HAL_Driver/Inc -I../Drivers/STM32F7xx_HAL_Driver/Inc/Legacy -I../Drivers/CMSIS/Device/ST/STM32F7xx/Include -I../Drivers/CMSIS/Include -O0 -ffunction-sections -fdata-sections -Wall -fstack-usage -fcyclomatic-complexity -MMD -MP -MF"Drivers/STM32F7xx_HAL_Driver/Src/stm32f7xx_hal_pwr_ex.d" -MT"Drivers/STM32F7xx_HAL_Driver/Src/stm32f7xx_hal_pwr_ex.o" --specs=nano.specs -mfpu=fpv5-d16 -mfloat-abi=hard -mthumb -o "Drivers/STM32F7xx_HAL_Driver/Src/stm32f7xx_hal_pwr_ex.o"
arm-none-eabi-gcc "../Drivers/STM32F7xx_HAL_Driver/Src/stm32f7xx_hal_rcc.c" -mcpu=cortex-m7 -std=gnu11 -g3 -DDEBUG -DUSE_HAL_DRIVER -DSTM32F767xx -c -I../Core/Inc -I../Drivers/STM32F7xx_HAL_Driver/Inc -I../Drivers/STM32F7xx_HAL_Driver/Inc/Legacy -I../Drivers/CMSIS/Device/ST/STM32F7xx/Include -I../Drivers/CMSIS/Include -O0 -ffunction-sections -fdata-sections -Wall -fstack-usage -fcyclomatic-complexity -MMD -MP -MF"Drivers/STM32F7xx_HAL_Driver/Src/stm32f7xx_hal_rcc.d" -MT"Drivers/STM32F7xx_HAL_Driver/Src/stm32f7xx_hal_rcc.o" --specs=nano.specs -mfpu=fpv5-d16 -mfloat-abi=hard -mthumb -o "Drivers/STM32F7xx_HAL_Driver/Src/stm32f7xx_hal_rcc.o"
arm-none-eabi-gcc "../Drivers/STM32F7xx_HAL_Driver/Src/stm32f7xx_hal_rcc_ex.c" -mcpu=cortex-m7 -std=gnu11 -g3 -DDEBUG -DUSE_HAL_DRIVER -DSTM32F767xx -c -I../Core/Inc -I../Drivers/STM32F7xx_HAL_Driver/Inc -I../Drivers/STM32F7xx_HAL_Driver/Inc/Legacy -I../Drivers/CMSIS/Device/ST/STM32F7xx/Include -I../Drivers/CMSIS/Include -O0 -ffunction-sections -fdata-sections -Wall -fstack-usage -fcyclomatic-complexity -MMD -MP -MF"Drivers/STM32F7xx_HAL_Driver/Src/stm32f7xx_hal_rcc_ex.d" -MT"Drivers/STM32F7xx_HAL_Driver/Src/stm32f7xx_hal_rcc_ex.o" --specs=nano.specs -mfpu=fpv5-d16 -mfloat-abi=hard -mthumb -o "Drivers/STM32F7xx_HAL_Driver/Src/stm32f7xx_hal_rcc_ex.o"
arm-none-eabi-gcc "../Drivers/STM32F7xx_HAL_Driver/Src/stm32f7xx_hal_tim.c" -mcpu=cortex-m7 -std=gnu11 -g3 -DDEBUG -DUSE_HAL_DRIVER -DSTM32F767xx -c -I../Core/Inc -I../Drivers/STM32F7xx_HAL_Driver/Inc -I../Drivers/STM32F7xx_HAL_Driver/Inc/Legacy -I../Drivers/CMSIS/Device/ST/STM32F7xx/Include -I../Drivers/CMSIS/Include -O0 -ffunction-sections -fdata-sections -Wall -fstack-usage -fcyclomatic-complexity -MMD -MP -MF"Drivers/STM32F7xx_HAL_Driver/Src/stm32f7xx_hal_tim.d" -MT"Drivers/STM32F7xx_HAL_Driver/Src/stm32f7xx_hal_tim.o" --specs=nano.specs -mfpu=fpv5-d16 -mfloat-abi=hard -mthumb -o "Drivers/STM32F7xx_HAL_Driver/Src/stm32f7xx_hal_tim.o"
arm-none-eabi-gcc "../Drivers/STM32F7xx_HAL_Driver/Src/stm32f7xx_hal_tim_ex.c" -mcpu=cortex-m7 -std=gnu11 -g3 -DDEBUG -DUSE_HAL_DRIVER -DSTM32F767xx -c -I../Core/Inc -I../Drivers/STM32F7xx_HAL_Driver/Inc -I../Drivers/STM32F7xx_HAL_Driver/Inc/Legacy -I../Drivers/CMSIS/Device/ST/STM32F7xx/Include -I../Drivers/CMSIS/Include -O0 -ffunction-sections -fdata-sections -Wall -fstack-usage -fcyclomatic-complexity -MMD -MP -MF"Drivers/STM32F7xx_HAL_Driver/Src/stm32f7xx_hal_tim_ex.d" -MT"Drivers/STM32F7xx_HAL_Driver/Src/stm32f7xx_hal_tim_ex.o" --specs=nano.specs -mfpu=fpv5-d16 -mfloat-abi=hard -mthumb -o "Drivers/STM32F7xx_HAL_Driver/Src/stm32f7xx_hal_tim_ex.o"
arm-none-eabi-gcc "../Drivers/STM32F7xx_HAL_Driver/Src/stm32f7xx_hal_uart.c" -mcpu=cortex-m7 -std=gnu11 -g3 -DDEBUG -DUSE_HAL_DRIVER -DSTM32F767xx -c -I../Core/Inc -I../Drivers/STM32F7xx_HAL_Driver/Inc -I../Drivers/STM32F7xx_HAL_Driver/Inc/Legacy -I../Drivers/CMSIS/Device/ST/STM32F7xx/Include -I../Drivers/CMSIS/Include -O0 -ffunction-sections -fdata-sections -Wall -fstack-usage -fcyclomatic-complexity -MMD -MP -MF"Drivers/STM32F7xx_HAL_Driver/Src/stm32f7xx_hal_uart.d" -MT"Drivers/STM32F7xx_HAL_Driver/Src/stm32f7xx_hal_uart.o" --specs=nano.specs -mfpu=fpv5-d16 -mfloat-abi=hard -mthumb -o "Drivers/STM32F7xx_HAL_Driver/Src/stm32f7xx_hal_uart.o"
arm-none-eabi-gcc "../Drivers/STM32F7xx_HAL_Driver/Src/stm32f7xx_hal_uart_ex.c" -mcpu=cortex-m7 -std=gnu11 -g3 -DDEBUG -DUSE_HAL_DRIVER -DSTM32F767xx -c -I../Core/Inc -I../Drivers/STM32F7xx_HAL_Driver/Inc -I../Drivers/STM32F7xx_HAL_Driver/Inc/Legacy -I../Drivers/CMSIS/Device/ST/STM32F7xx/Include -I../Drivers/CMSIS/Include -O0 -ffunction-sections -fdata-sections -Wall -fstack-usage -fcyclomatic-complexity -MMD -MP -MF"Drivers/STM32F7xx_HAL_Driver/Src/stm32f7xx_hal_uart_ex.d" -MT"Drivers/STM32F7xx_HAL_Driver/Src/stm32f7xx_hal_uart_ex.o" --specs=nano.specs -mfpu=fpv5-d16 -mfloat-abi=hard -mthumb -o "Drivers/STM32F7xx_HAL_Driver/Src/stm32f7xx_hal_uart_ex.o"
arm-none-eabi-gcc "../Drivers/STM32F7xx_HAL_Driver/Src/stm32f7xx_ll_usb.c" -mcpu=cortex-m7 -std=gnu11 -g3 -DDEBUG -DUSE_HAL_DRIVER -DSTM32F767xx -c -I../Core/Inc -I../Drivers/STM32F7xx_HAL_Driver/Inc -I../Drivers/STM32F7xx_HAL_Driver/Inc/Legacy -I../Drivers/CMSIS/Device/ST/STM32F7xx/Include -I../Drivers/CMSIS/Include -O0 -ffunction-sections -fdata-sections -Wall -fstack-usage -fcyclomatic-complexity -MMD -MP -MF"Drivers/STM32F7xx_HAL_Driver/Src/stm32f7xx_ll_usb.d" -MT"Drivers/STM32F7xx_HAL_Driver/Src/stm32f7xx_ll_usb.o" --specs=nano.specs -mfpu=fpv5-d16 -mfloat-abi=hard -mthumb -o "Drivers/STM32F7xx_HAL_Driver/Src/stm32f7xx_ll_usb.o"
arm-none-eabi-gcc -mcpu=cortex-m7 -g3 -DDEBUG -c -x assembler-with-cpp -MMD -MP -MF"Core/Startup/startup_stm32f767zitx.d" -MT"Core/Startup/startup_stm32f767zitx.o" --specs=nano.specs -mfpu=fpv5-d16 -mfloat-abi=hard -mthumb -o "Core/Startup/startup_stm32f767zitx.o" "../Core/Startup/startup_stm32f767zitx.s"
arm-none-eabi-gcc "../Core/Src/flow_controller.c" -mcpu=cortex-m7 -std=gnu11 -g3 -DDEBUG -DUSE_HAL_DRIVER -DSTM32F767xx -c -I../Core/Inc -I../Drivers/STM32F7xx_HAL_Driver/Inc -I../Drivers/STM32F7xx_HAL_Driver/Inc/Legacy -I../Drivers/CMSIS/Device/ST/STM32F7xx/Include -I../Drivers/CMSIS/Include -O0 -ffunction-sections -fdata-sections -Wall -fstack-usage -fcyclomatic-complexity -MMD -MP -MF"Core/Src/flow_controller.d" -MT"Core/Src/flow_controller.o" --specs=nano.specs -mfpu=fpv5-d16 -mfloat-abi=hard -mthumb -o "Core/Src/flow_controller.o"
arm-none-eabi-gcc "../Core/Src/main.c" -mcpu=cortex-m7 -std=gnu11 -g3 -DDEBUG -DUSE_HAL_DRIVER -DSTM32F767xx -c -I../Core/Inc -I../Drivers/STM32F7xx_HAL_Driver/Inc -I../Drivers/STM32F7xx_HAL_Driver/Inc/Legacy -I../Drivers/CMSIS/Device/ST/STM32F7xx/Include -I../Drivers/CMSIS/Include -O0 -ffunction-sections -fdata-sections -Wall -fstack-usage -fcyclomatic-complexity -MMD -MP -MF"Core/Src/main.d" -MT"Core/Src/main.o" --specs=nano.specs -mfpu=fpv5-d16 -mfloat-abi=hard -mthumb -o "Core/Src/main.o"
arm-none-eabi-gcc "../Core/Src/stm32f7xx_hal_msp.c" -mcpu=cortex-m7 -std=gnu11 -g3 -DDEBUG -DUSE_HAL_DRIVER -DSTM32F767xx -c -I../Core/Inc -I../Drivers/STM32F7xx_HAL_Driver/Inc -I../Drivers/STM32F7xx_HAL_Driver/Inc/Legacy -I../Drivers/CMSIS/Device/ST/STM32F7xx/Include -I../Drivers/CMSIS/Include -O0 -ffunction-sections -fdata-sections -Wall -fstack-usage -fcyclomatic-complexity -MMD -MP -MF"Core/Src/stm32f7xx_hal_msp.d" -MT"Core/Src/stm32f7xx_hal_msp.o" --specs=nano.specs -mfpu=fpv5-d16 -mfloat-abi=hard -mthumb -o "Core/Src/stm32f7xx_hal_msp.o"
arm-none-eabi-gcc "../Core/Src/stm32f7xx_it.c" -mcpu=cortex-m7 -std=gnu11 -g3 -DDEBUG -DUSE_HAL_DRIVER -DSTM32F767xx -c -I../Core/Inc -I../Drivers/STM32F7xx_HAL_Driver/Inc -I../Drivers/STM32F7xx_HAL_Driver/Inc/Legacy -I../Drivers/CMSIS/Device/ST/STM32F7xx/Include -I../Drivers/CMSIS/Include -O0 -ffunction-sections -fdata-sections -Wall -fstack-usage -fcyclomatic-complexity -MMD -MP -MF"Core/Src/stm32f7xx_it.d" -MT"Core/Src/stm32f7xx_it.o" --specs=nano.specs -mfpu=fpv5-d16 -mfloat-abi=hard -mthumb -o "Core/Src/stm32f7xx_it.o"
arm-none-eabi-gcc "../Core/Src/syscalls.c" -mcpu=cortex-m7 -std=gnu11 -g3 -DDEBUG -DUSE_HAL_DRIVER -DSTM32F767xx -c -I../Core/Inc -I../Drivers/STM32F7xx_HAL_Driver/Inc -I../Drivers/STM32F7xx_HAL_Driver/Inc/Legacy -I../Drivers/CMSIS/Device/ST/STM32F7xx/Include -I../Drivers/CMSIS/Include -O0 -ffunction-sections -fdata-sections -Wall -fstack-usage -fcyclomatic-complexity -MMD -MP -MF"Core/Src/syscalls.d" -MT"Core/Src/syscalls.o" --specs=nano.specs -mfpu=fpv5-d16 -mfloat-abi=hard -mthumb -o "Core/Src/syscalls.o"
arm-none-eabi-gcc "../Core/Src/sysmem.c" -mcpu=cortex-m7 -std=gnu11 -g3 -DDEBUG -DUSE_HAL_DRIVER -DSTM32F767xx -c -I../Core/Inc -I../Drivers/STM32F7xx_HAL_Driver/Inc -I../Drivers/STM32F7xx_HAL_Driver/Inc/Legacy -I../Drivers/CMSIS/Device/ST/STM32F7xx/Include -I../Drivers/CMSIS/Include -O0 -ffunction-sections -fdata-sections -Wall -fstack-usage -fcyclomatic-complexity -MMD -MP -MF"Core/Src/sysmem.d" -MT"Core/Src/sysmem.o" --specs=nano.specs -mfpu=fpv5-d16 -mfloat-abi=hard -mthumb -o "Core/Src/sysmem.o"
arm-none-eabi-gcc "../Core/Src/system_stm32f7xx.c" -mcpu=cortex-m7 -std=gnu11 -g3 -DDEBUG -DUSE_HAL_DRIVER -DSTM32F767xx -c -I../Core/Inc -I../Drivers/STM32F7xx_HAL_Driver/Inc -I../Drivers/STM32F7xx_HAL_Driver/Inc/Legacy -I../Drivers/CMSIS/Device/ST/STM32F7xx/Include -I../Drivers/CMSIS/Include -O0 -ffunction-sections -fdata-sections -Wall -fstack-usage -fcyclomatic-complexity -MMD -MP -MF"Core/Src/system_stm32f7xx.d" -MT"Core/Src/system_stm32f7xx.o" --specs=nano.specs -mfpu=fpv5-d16 -mfloat-abi=hard -mthumb -o "Core/Src/system_stm32f7xx.o"
arm-none-eabi-gcc -o "SeniorDesign.elf" @"objects.list"   -mcpu=cortex-m7 -T"C:\Users\oneju\STM32CubeIDE\seniorproject\stm_workplace\SeniorDesign\STM32F767ZITX_FLASH.ld" --specs=nosys.specs -Wl,-Map="SeniorDesign.map" -Wl,--gc-sections -static -u _printf_float --specs=nano.specs -mfpu=fpv5-d16 -mfloat-abi=hard -mthumb -Wl,--start-group -lc -lm -Wl,--end-group
Finished building target: SeniorDesign.elf
 
arm-none-eabi-size  SeniorDesign.elf 
arm-none-eabi-objdump -h -S SeniorDesign.elf  > "SeniorDesign.list"
   text	   data	    bss	    dec	    hex	filename
  31880	    796	   3676	  36352	   8e00	SeniorDesign.elf
Finished building: default.size.stdout
 
Finished building: SeniorDesign.list
 
20:30:17 **** Incremental Build of configuration Debug for project SeniorDesign ****
make -j12 all 
arm-none-eabi-size  SeniorDesign.elf 
   text	   data	    bss	    dec	    hex	filename
  31880	    796	   3676	  36352	   8e00	SeniorDesign.elf
Finished building: default.size.stdout
 
20:37:05 **** Incremental Build of configuration Debug for project SeniorDesign ****
make -j12 all 
arm-none-eabi-gcc "../Core/Src/main.c" -mcpu=cortex-m7 -std=gnu11 -g3 -DDEBUG -DUSE_HAL_DRIVER -DSTM32F767xx -c -I../Core/Inc -I../Drivers/STM32F7xx_HAL_Driver/Inc -I../Drivers/STM32F7xx_HAL_Driver/Inc/Legacy -I../Drivers/CMSIS/Device/ST/STM32F7xx/Include -I../Drivers/CMSIS/Include -O0 -ffunction-sections -fdata-sections -Wall -fstack-usage -fcyclomatic-complexity -MMD -MP -MF"Core/Src/main.d" -MT"Core/Src/main.o" --specs=nano.specs -mfpu=fpv5-d16 -mfloat-abi=hard -mthumb -o "Core/Src/main.o"
[...]
   text	   data	    bss	    dec	    hex	filename
  31992	    796	   3668	  36456	   8e68	SeniorDesign.elf
Finished building: default.size.stdout
 
23:25:49 **** Incremental Build of configuration Debug for project SeniorDesign ****
make -j12 all 
arm-none-eabi-gcc "../Core/Src/main.c" -mcpu=cortex-m7 -std=gnu11 -g3 -DDEBUG -DUSE_HAL_DRIVER -DSTM32F767xx -c -I../Core/Inc -I../Drivers/STM32F7xx_HAL_Driver/Inc -I../Drivers/STM32F7xx_HAL_Driver/Inc/Legacy -I../Drivers/CMSIS/Device/ST/STM32F7xx/Include -I../Drivers/CMSIS/Include -O0 -ffunction-sections -fdata-sections -Wall -fstack-usage -fcyclomatic-complexity -MMD -MP -MF"Core/Src/main.d" -MT"Core/Src/main.o" --specs=nano.specs -mfpu=fpv5-d16 -mfloat-abi=hard -mthumb -o "Core/Src/main.o"
arm-none-eabi-gcc -o "SeniorDesign.elf" @"objects.list"   -mcpu=cortex-m7 -T"C:\Users\oneju\STM32CubeIDE\seniorproject\stm_workplace\SeniorDesign\STM32F767ZITX_FLASH.ld" --specs=nosys.specs -Wl,-Map="SeniorDesign.map" -Wl,--gc-sections -static -u _printf_float --specs=nano.specs -mfpu=fpv5-d16 -mfloat-abi=hard -mthumb -Wl,--start-group -lc -lm -Wl,--end-group
Finished building target: SeniorDesign.elf
 
arm-none-eabi-size  SeniorDesign.elf 
arm-none-eabi-objdump -h -S SeniorDesign.elf  > "SeniorDesign.list"
   text	   data	    bss	    dec	    hex	filename
  31992	    796	   3668	  36456	   8e68	SeniorDesign.elf
Finished building: default.size.stdout
 
Finished building: SeniorDesign.list
 
23:26:02 **** Incremental Build of configuration Debug for project SeniorDesign ****
make -j12 all 
arm-none-eabi-size  SeniorDesign.elf 
   text	   data	    bss	    dec	    hex	filename
  31992	    796	   3668	  36456	   8e68	SeniorDesign.elf
Finished building: default.size.stdout
 
23:28:35 **** Incremental Build of configuration Debug for project SeniorDesign ****
make -j12 all 
arm-none-eabi-gcc "../Core/Src/main.c" -mcpu=cortex-m7 -std=gnu11 -g3 -DDEBUG -DUSE_HAL_DRIVER -DSTM32F767xx -c -I../Core/Inc -I../Drivers/STM32F7xx_HAL_Driver/Inc -I../Drivers/STM32F7xx_HAL_Driver/Inc/Legacy -I../Drivers/CMSIS/Device/ST/STM32F7xx/Include -I../Drivers/CMSIS/Include -O0 -ffunction-sections -fdata-sections -Wall -fstack-usage -fcyclomatic-complexity -MMD -MP -MF"Core/Src/main.d" -MT"Core/Src/main.o" --specs=nano.specs -mfpu=fpv5-d16 -mfloat-abi=hard -mthumb -o "Core/Src/main.o"
../Core/Src/main.c: In function 'MX_ADC1_Init':
../Core/Src/main.c:289:26: warning: unused variable 'sConfig' [-Wunused-variable]
  289 |   ADC_ChannelConfTypeDef sConfig = {0};
      |                          ^~~~~~~
arm-none-eabi-gcc -o "SeniorDesign.elf" @"objects.list"   -mcpu=cortex-m7 -T"C:\Users\oneju\STM32CubeIDE\seniorproject\stm_workplace\SeniorDesign\STM32F767ZITX_FLASH.ld" --specs=nosys.specs -Wl,-Map="SeniorDesign.map" -Wl,--gc-sections -static -u _printf_float --specs=nano.specs -mfpu=fpv5-d16 -mfloat-abi=hard -mthumb -Wl,--start-group -lc -lm -Wl,--end-group
Finished building target: SeniorDesign.elf
 
arm-none-eabi-size  SeniorDesign.elf 
arm-none-eabi-objdump -h -S SeniorDesign.elf  > "SeniorDesign.list"
   text	   data	    bss	    dec	    hex	filename
  31928	    796	   3668	  36392	   8e28	SeniorDesign.elf
Finished building: default.size.stdout
 
Finished building: SeniorDesign.list
 
23:39:24 **** Incremental Build of configuration Debug for project SeniorDesign ****
make -j12 all 
arm-none-eabi-gcc "../Core/Src/main.c" -mcpu=cortex-m7 -std=gnu11 -g3 -DDEBUG -DUSE_HAL_DRIVER -DSTM32F767xx -c -I../Core/Inc -I../Drivers/STM32F7xx_HAL_Driver/Inc -I../Drivers/STM32F7xx_HAL_Driver/Inc/Legacy -I../Drivers/CMSIS/Device/ST/STM32F7xx/Include -I../Drivers/CMSIS/Include -O0 -ffunction-sections -fdata-sections -Wall -fstack-usage -fcyclomatic-complexity -MMD -MP -MF"Core/Src/main.d" -MT"Core/Src/main.o" --specs=nano.specs -mfpu=fpv5-d16 -mfloat-abi=hard -mthumb -o "Core/Src/main.o"
../Core/Src/main.c: In function 'MX_ADC1_Init':
../Core/Src/main.c:289:26: warning: unused variable 'sConfig' [-Wunused-variable]
  289 |   ADC_ChannelConfTypeDef sConfig = {0};
      |                          ^~~~~~~
arm-none-eabi-gcc -o "SeniorDesign.elf" @"objects.list"   -mcpu=cortex-m7 -T"C:\Users\oneju\STM32CubeIDE\seniorproject\stm_workplace\SeniorDesign\STM32F767ZITX_FLASH.ld" --specs=nosys.specs -Wl,-Map="SeniorDesign.map" -Wl,--gc-sections -static -u _printf_float --specs=nano.specs -mfpu=fpv5-d16 -mfloat-abi=hard -mthumb -Wl,--start-group -lc -lm -Wl,--end-group
Finished building target: SeniorDesign.elf
 
arm-none-eabi-size  SeniorDesign.elf 
arm-none-eabi-objdump -h -S SeniorDesign.elf  > "SeniorDesign.list"
   text	   data	    bss	    dec	    hex	filename
  31928	    796	   3668	  36392	   8e28	SeniorDesign.elf
Finished building: default.size.stdout
 
Finished building: SeniorDesign.list
 
23:39:45 **** Incremental Build of configuration Debug for project SeniorDesign ****
make -j12 all 
arm-none-eabi-gcc "../Core/Src/main.c" -mcpu=cortex-m7 -std=gnu11 -g3 -DDEBUG -DUSE_HAL_DRIVER -DSTM32F767xx -c -I../Core/Inc -I../Drivers/STM32F7xx_HAL_Driver/Inc -I../Drivers/STM32F7xx_HAL_Driver/Inc/Legacy -I../Drivers/CMSIS/Device/ST/STM32F7xx/Include -I../Drivers/CMSIS/Include -O0 -ffunction-sections -fdata-sections -Wall -fstack-usage -fcyclomatic-complexity -MMD -MP -MF"Core/Src/main.d" -MT"Core/Src/main.o" --specs=nano.specs -mfpu=fpv5-d16 -mfloat-abi=hard -mthumb -o "Core/Src/main.o"
arm-none-eabi-gcc -o "SeniorDesign.elf" @"objects.list"   -mcpu=cortex-m7 -T"C:\Users\oneju\STM32CubeIDE\seniorproject\stm_workplace\SeniorDesign\STM32F767ZITX_FLASH.ld" --specs=nosys.specs -Wl,-Map="SeniorDesign.map" -Wl,--gc-sections -static -u _printf_float --specs=nano.specs -mfpu=fpv5-d16 -mfloat-abi=hard -mthumb -Wl,--start-group -lc -lm -Wl,--end-group
Finished building target: SeniorDesign.elf
 
arm-none-eabi-size  SeniorDesign.elf 
arm-none-eabi-objdump -h -S SeniorDesign.elf  > "SeniorDesign.list"
   text	   data	    bss	    dec	    hex	filename
  31912	    796	   3668	  36376	   8e18	SeniorDesign.elf
Finished building: default.size.stdout
 
Finished building: SeniorDesign.list
 
23:40:18 **** Incremental Build of configuration Debug for project SeniorDesign ****
make -j12 all 
arm-none-eabi-gcc "../Core/Src/flow_controller.c" -mcpu=cortex-m7 -std=gnu11 -g3 -DDEBUG -DUSE_HAL_DRIVER -DSTM32F767xx -c -I../Core/Inc -I../Drivers/STM32F7xx_HAL_Driver/Inc -I../Drivers/STM32F7xx_HAL_Driver/Inc/Legacy -I../Drivers/CMSIS/Device/ST/STM32F7xx/Include -I../Drivers/CMSIS/Include -O0 -ffunction-sections -fdata-sections -Wall -fstack-usage -fcyclomatic-complexity -MMD -MP -MF"Core/Src/flow_controller.d" -MT"Core/Src/flow_controller.o" --specs=nano.specs -mfpu=fpv5-d16 -mfloat-abi=hard -mthumb -o "Core/Src/flow_controller.o"
arm-none-eabi-gcc -o "SeniorDesign.elf" @"objects.list"   -mcpu=cortex-m7 -T"C:\Users\oneju\STM32CubeIDE\seniorproject\stm_workplace\SeniorDesign\STM32F767ZITX_FLASH.ld" --specs=nosys.specs -Wl,-Map="SeniorDesign.map" -Wl,--gc-sections -static -u _printf_float --specs=nano.specs -mfpu=fpv5-d16 -mfloat-abi=hard -mthumb -Wl,--start-group -lc -lm -Wl,--end-group
Finished building target: SeniorDesign.elf
 
arm-none-eabi-size  SeniorDesign.elf 
arm-none-eabi-objdump -h -S SeniorDesign.elf  > "SeniorDesign.list"
   text	   data	    bss	    dec	    hex	filename
  31912	    796	   3668	  36376	   8e18	SeniorDesign.elf
Finished building: default.size.stdout
 
Finished building: SeniorDesign.list
 
23:40:45 **** Incremental Build of configuration Debug for project SeniorDesign ****
make -j12 all 
arm-none-eabi-size  SeniorDesign.elf 
   text	   data	    bss	    dec	    hex	filename
  31912	    796	   3668	  36376	   8e18	SeniorDesign.elf
Finished building: default.size.stdout
 
23:41:48 **** Incremental Build of configuration Debug for project SeniorDesign ****
make -j12 all 
arm-none-eabi-gcc "../Core/Src/main.c" -mcpu=cortex-m7 -std=gnu11 -g3 -DDEBUG -DUSE_HAL_DRIVER -DSTM32F767xx -c -I../Core/Inc -I../Drivers/STM32F7xx_HAL_Driver/Inc -I../Drivers/STM32F7xx_HAL_Driver/Inc/Legacy -I../Drivers/CMSIS/Device/ST/STM32F7xx/Include -I../Drivers/CMSIS/Include -O0 -ffunction-sections -fdata-sections -Wall -fstack-usage -fcyclomatic-complexity -MMD -MP -MF"Core/Src/main.d" -MT"Core/Src/main.o" --specs=nano.specs -mfpu=fpv5-d16 -mfloat-abi=hard -mthumb -o "Core/Src/main.o"
arm-none-eabi-gcc -o "SeniorDesign.elf" @"objects.list"   -mcpu=cortex-m7 -T"C:\Users\oneju\STM32CubeIDE\seniorproject\stm_workplace\SeniorDesign\STM32F767ZITX_FLASH.ld" --specs=nosys.specs -Wl,-Map="SeniorDesign.map" -Wl,--gc-sections -static -u _printf_float --specs=nano.specs -mfpu=fpv5-d16 -mfloat-abi=hard -mthumb -Wl,--start-group -lc -lm -Wl,--end-group
Finished building target: SeniorDesign.elf
 
arm-none-eabi-size  SeniorDesign.elf 
arm-none-eabi-objdump -h -S SeniorDesign.elf  > "SeniorDesign.list"
   text	   data	    bss	    dec	    hex	filename
  31912	    796	   3668	  36376	   8e18	SeniorDesign.elf
Finished building: default.size.stdout
 
Finished building: SeniorDesign.list
 
23:46:39 **** Incremental Build of configuration Debug for project SeniorDesign ****
make -j12 all 
arm-none-eabi-size  SeniorDesign.elf 
   text	   data	    bss	    dec	    hex	filename
  31912	    796	   3668	  36376	   8e18	SeniorDesign.elf
Finished building: default.size.stdout
 
23:52:50 **** Incremental Build of configuration Debug for project SeniorDesign ****
make -j12 all 
arm-none-eabi-gcc "../Core/Src/main.c" -mcpu=cortex-m7 -std=gnu11 -g3 -DDEBUG -DUSE_HAL_DRIVER -DSTM32F767xx -c -I../Core/Inc -I../Drivers/STM32F7xx_HAL_Driver/Inc -I../Drivers/STM32F7xx_HAL_Driver/Inc/Legacy -I../Drivers/CMSIS/Device/ST/STM32F7xx/Include -I../Drivers/CMSIS/Include -O0 -ffunction-sections -fdata-sections -Wall -fstack-usage -fcyclomatic-complexity -MMD -MP -MF"Core/Src/main.d" -MT"Core/Src/main.o" --specs=nano.specs -mfpu=fpv5-d16 -mfloat-abi=hard -mthumb -o "Core/Src/main.o"
arm-none-eabi-gcc "../Core/Src/stm32f7xx_hal_msp.c" -mcpu=cortex-m7 -std=gnu11 -g3 -DDEBUG -DUSE_HAL_DRIVER -DSTM32F767xx -c -I../Core/Inc -I../Drivers/STM32F7xx_HAL_Driver/Inc -I../Drivers/STM32F7xx_HAL_Driver/Inc/Legacy -I../Drivers/CMSIS/Device/ST/STM32F7xx/Include -I../Drivers/CMSIS/Include -O0 -ffunction-sections -fdata-sections -Wall -fstack-usage -fcyclomatic-complexity -MMD -MP -MF"Core/Src/stm32f7xx_hal_msp.d" -MT"Core/Src/stm32f7xx_hal_msp.o" --specs=nano.specs -mfpu=fpv5-d16 -mfloat-abi=hard -mthumb -o "Core/Src/stm32f7xx_hal_msp.o"
arm-none-eabi-gcc -o "SeniorDesign.elf" @"objects.list"   -mcpu=cortex-m7 -T"C:\Users\oneju\STM32CubeIDE\seniorproject\stm_workplace\SeniorDesign\STM32F767ZITX_FLASH.ld" --specs=nosys.specs -Wl,-Map="SeniorDesign.map" -Wl,--gc-sections -static -u _printf_float --specs=nano.specs -mfpu=fpv5-d16 -mfloat-abi=hard -mthumb -Wl,--start-group -lc -lm -Wl,--end-group
Finished building target: SeniorDesign.elf
 
arm-none-eabi-size  SeniorDesign.elf 
arm-none-eabi-objdump -h -S SeniorDesign.elf  > "SeniorDesign.list"
   text	   data	    bss	    dec	    hex	filename
  31968	    796	   3668	  36432	   8e50	SeniorDesign.elf
Finished building: default.size.stdout
 
Finished building: SeniorDesign.list
 
23:52:58 **** Incremental Build of configuration Debug for project SeniorDesign ****
make -j12 all 
arm-none-eabi-size  SeniorDesign.elf 
   text	   data	    bss	    dec	    hex	filename
  31968	    796	   3668	  36432	   8e50	SeniorDesign.elf
Finished building: default.size.stdout
 
23:58:49 **** Incremental Build of configuration Debug for project SeniorDesign ****
make -j12 all 
arm-none-eabi-gcc "../Core/Src/main.c" -mcpu=cortex-m7 -std=gnu11 -g3 -DDEBUG -DUSE_HAL_DRIVER -DSTM32F767xx -c -I../Core/Inc -I../Drivers/STM32F7xx_HAL_Driver/Inc -I../Drivers/STM32F7xx_HAL_Driver/Inc/Legacy -I../Drivers/CMSIS/Device/ST/STM32F7xx/Include -I../Drivers/CMSIS/Include -O0 -ffunction-sections -fdata-sections -Wall -fstack-usage -fcyclomatic-complexity -MMD -MP -MF"Core/Src/main.d" -MT"Core/Src/main.o" --specs=nano.specs -mfpu=fpv5-d16 -mfloat-abi=hard -mthumb -o "Core/Src/main.o"
arm-none-eabi-gcc -o "SeniorDesign.elf" @"objects.list"   -mcpu=cortex-m7 -T"C:\Users\oneju\STM32CubeIDE\seniorproject\stm_workplace\SeniorDesign\STM32F767ZITX_FLASH.ld" --specs=nosys.specs -Wl,-Map="SeniorDesign.map" -Wl,--gc-sections -static -u _printf_float --specs=nano.specs -mfpu=fpv5-d16 -mfloat-abi=hard -mthumb -Wl,--start-group -lc -lm -Wl,--end-group
Finished building target: SeniorDesign.elf
 
arm-none-eabi-size  SeniorDesign.elf 
arm-none-eabi-objdump -h -S SeniorDesign.elf  > "SeniorDesign.list"
   text	   data	    bss	    dec	    hex	filename
  31968	    796	   3668	  36432	   8e50	SeniorDesign.elf
Finished building: default.size.stdout
 
Finished building: SeniorDesign.list
 
23:58:59 **** Incremental Build of configuration Debug for project SeniorDesign ****
make -j12 all 
arm-none-eabi-size  SeniorDesign.elf 
   text	   data	    bss	    dec	    hex	filename
  31968	    796	   3668	  36432	   8e50	SeniorDesign.elf
Finished building: default.size.stdout
 
00:21:31 **** Incremental Build of configuration Debug for project SeniorDesign ****
make -j12 all 
arm-none-eabi-gcc "../Core/Src/main.c" -mcpu=cortex-m7 -std=gnu11 -g3 -DDEBUG -DUSE_HAL_DRIVER -DSTM32F767xx -c -I../Core/Inc -I../Drivers/STM32F7xx_HAL_Driver/Inc -I../Drivers/STM32F7xx_HAL_Driver/Inc/Legacy -I../Drivers/CMSIS/Device/ST/STM32F7xx/Include -I../Drivers/CMSIS/Include -O0 -ffunction-sections -fdata-sections -Wall -fstack-usage -fcyclomatic-complexity -MMD -MP -MF"Core/Src/main.d" -MT"Core/Src/main.o" --specs=nano.specs -mfpu=fpv5-d16 -mfloat-abi=hard -mthumb -o "Core/Src/main.o"
../Core/Src/main.c: In function 'main':
../Core/Src/main.c:170:11: warning: implicit declaration of function 'flowControllerADC'; did you mean 'flowControlADC'? [-Wimplicit-function-declaration]
  170 |           flowControllerADC();
      |           ^~~~~~~~~~~~~~~~~
      |           flowControlADC
../Core/Src/main.c:144:26: warning: variable 'sConfig' set but not used [-Wunused-but-set-variable]
  144 |   ADC_ChannelConfTypeDef sConfig = {0};
      |                          ^~~~~~~
../Core/Src/main.c: At top level:
../Core/Src/main.c:559:6: warning: conflicting types for 'flowControllerADC'; have 'void(void)'
  559 | void flowControllerADC(void){
      |      ^~~~~~~~~~~~~~~~~
../Core/Src/main.c:170:11: note: previous implicit declaration of 'flowControllerADC' with type 'void(void)'
  170 |           flowControllerADC();
      |           ^~~~~~~~~~~~~~~~~
../Core/Src/main.c: In function 'flowControllerADC':
../Core/Src/main.c:561:9: error: 'sConfig' undeclared (first use in this function); did you mean 'TxConfig'?
  561 |         sConfig.Channel = ADC_CHANNEL_9;
      |         ^~~~~~~
      |         TxConfig
../Core/Src/main.c:561:9: note: each undeclared identifier is reported only once for each function it appears in
../Core/Src/main.c: In function 'vacuumGaugeADC':
../Core/Src/main.c:573:9: error: 'sConfig' undeclared (first use in this function); did you mean 'TxConfig'?
  573 |         sConfig.Channel = ADC_CHANNEL_6;
      |         ^~~~~~~
      |         TxConfig
make: *** [Core/Src/subdir.mk:37: Core/Src/main.o] Error 1
"make -j12 all" terminated with exit code 2. Build might be incomplete.
00:22:28 **** Incremental Build of configuration Debug for project SeniorDesign ****
make -j12 all 
arm-none-eabi-gcc "../Core/Src/main.c" -mcpu=cortex-m7 -std=gnu11 -g3 -DDEBUG -DUSE_HAL_DRIVER -DSTM32F767xx -c -I../Core/Inc -I../Drivers/STM32F7xx_HAL_Driver/Inc -I../Drivers/STM32F7xx_HAL_Driver/Inc/Legacy -I../Drivers/CMSIS/Device/ST/STM32F7xx/Include -I../Drivers/CMSIS/Include -O0 -ffunction-sections -fdata-sections -Wall -fstack-usage -fcyclomatic-complexity -MMD -MP -MF"Core/Src/main.d" -MT"Core/Src/main.o" --specs=nano.specs -mfpu=fpv5-d16 -mfloat-abi=hard -mthumb -o "Core/Src/main.o"
../Core/Src/main.c: In function 'main':
../Core/Src/main.c:170:11: warning: implicit declaration of function 'flowControllerADC'; did you mean 'flowControlADC'? [-Wimplicit-function-declaration]
  170 |           flowControllerADC();
      |           ^~~~~~~~~~~~~~~~~
      |           flowControlADC
../Core/Src/main.c:144:26: warning: variable 'sConfig' set but not used [-Wunused-but-set-variable]
  144 |   ADC_ChannelConfTypeDef sConfig = {0};
      |                          ^~~~~~~
../Core/Src/main.c: At top level:
../Core/Src/main.c:559:6: warning: conflicting types for 'flowControllerADC'; have 'void(void)'
  559 | void flowControllerADC(void){
      |      ^~~~~~~~~~~~~~~~~
../Core/Src/main.c:170:11: note: previous implicit declaration of 'flowControllerADC' with type 'void(void)'
  170 |           flowControllerADC();
      |           ^~~~~~~~~~~~~~~~~
arm-none-eabi-gcc -o "SeniorDesign.elf" @"objects.list"   -mcpu=cortex-m7 -T"C:\Users\oneju\STM32CubeIDE\seniorproject\stm_workplace\SeniorDesign\STM32F767ZITX_FLASH.ld" --specs=nosys.specs -Wl,-Map="SeniorDesign.map" -Wl,--gc-sections -static -u _printf_float --specs=nano.specs -mfpu=fpv5-d16 -mfloat-abi=hard -mthumb -Wl,--start-group -lc -lm -Wl,--end-group
Finished building target: SeniorDesign.elf
 
arm-none-eabi-size  SeniorDesign.elf 
arm-none-eabi-objdump -h -S SeniorDesign.elf  > "SeniorDesign.list"
   text	   data	    bss	    dec	    hex	filename
  31984	    796	   3668	  36448	   8e60	SeniorDesign.elf
Finished building: default.size.stdout
 
Finished building: SeniorDesign.list
 
00:23:22 **** Incremental Build of configuration Debug for project SeniorDesign ****
make -j12 all 
arm-none-eabi-gcc "../Core/Src/main.c" -mcpu=cortex-m7 -std=gnu11 -g3 -DDEBUG -DUSE_HAL_DRIVER -DSTM32F767xx -c -I../Core/Inc -I../Drivers/STM32F7xx_HAL_Driver/Inc -I../Drivers/STM32F7xx_HAL_Driver/Inc/Legacy -I../Drivers/CMSIS/Device/ST/STM32F7xx/Include -I../Drivers/CMSIS/Include -O0 -ffunction-sections -fdata-sections -Wall -fstack-usage -fcyclomatic-complexity -MMD -MP -MF"Core/Src/main.d" -MT"Core/Src/main.o" --specs=nano.specs -mfpu=fpv5-d16 -mfloat-abi=hard -mthumb -o "Core/Src/main.o"
arm-none-eabi-gcc -o "SeniorDesign.elf" @"objects.list"   -mcpu=cortex-m7 -T"C:\Users\oneju\STM32CubeIDE\seniorproject\stm_workplace\SeniorDesign\STM32F767ZITX_FLASH.ld" --specs=nosys.specs -Wl,-Map="SeniorDesign.map" -Wl,--gc-sections -static -u _printf_float --specs=nano.specs -mfpu=fpv5-d16 -mfloat-abi=hard -mthumb -Wl,--start-group -lc -lm -Wl,--end-group
Finished building target: SeniorDesign.elf
 
arm-none-eabi-size  SeniorDesign.elf 
arm-none-eabi-objdump -h -S SeniorDesign.elf  > "SeniorDesign.list"
   text	   data	    bss	    dec	    hex	filename
  31952	    796	   3668	  36416	   8e40	SeniorDesign.elf
Finished building: default.size.stdout
 
Finished building: SeniorDesign.list
 
00:23:59 **** Incremental Build of configuration Debug for project SeniorDesign ****
make -j12 all 
arm-none-eabi-gcc "../Core/Src/main.c" -mcpu=cortex-m7 -std=gnu11 -g3 -DDEBUG -DUSE_HAL_DRIVER -DSTM32F767xx -c -I../Core/Inc -I../Drivers/STM32F7xx_HAL_Driver/Inc -I../Drivers/STM32F7xx_HAL_Driver/Inc/Legacy -I../Drivers/CMSIS/Device/ST/STM32F7xx/Include -I../Drivers/CMSIS/Include -O0 -ffunction-sections -fdata-sections -Wall -fstack-usage -fcyclomatic-complexity -MMD -MP -MF"Core/Src/main.d" -MT"Core/Src/main.o" --specs=nano.specs -mfpu=fpv5-d16 -mfloat-abi=hard -mthumb -o "Core/Src/main.o"
arm-none-eabi-gcc -o "SeniorDesign.elf" @"objects.list"   -mcpu=cortex-m7 -T"C:\Users\oneju\STM32CubeIDE\seniorproject\stm_workplace\SeniorDesign\STM32F767ZITX_FLASH.ld" --specs=nosys.specs -Wl,-Map="SeniorDesign.map" -Wl,--gc-sections -static -u _printf_float --specs=nano.specs -mfpu=fpv5-d16 -mfloat-abi=hard -mthumb -Wl,--start-group -lc -lm -Wl,--end-group
Finished building target: SeniorDesign.elf
 
arm-none-eabi-size  SeniorDesign.elf 
arm-none-eabi-objdump -h -S SeniorDesign.elf  > "SeniorDesign.list"
   text	   data	    bss	    dec	    hex	filename
  31952	    796	   3668	  36416	   8e40	SeniorDesign.elf
Finished building: default.size.stdout
 
Finished building: SeniorDesign.list
 
