19:40:04 **** Incremental Build of configuration Debug for project nucleo-f767zi-automation ****
make -j12 all 
arm-none-eabi-gcc "../Core/Src/flow_controller.c" -mcpu=cortex-m7 -std=gnu11 -g3 -DDEBUG -DUSE_HAL_DRIVER -DSTM32F767xx -c -I../Core/Inc -I../Drivers/STM32F7xx_HAL_Driver/Inc -I../Drivers/STM32F7xx_HAL_Driver/Inc/Legacy -I../Drivers/CMSIS/Device/ST/STM32F7xx/Include -I../Drivers/CMSIS/Include -O0 -ffunction-sections -fdata-sections -Wall -fstack-usage -fcyclomatic-complexity -MMD -MP -MF"Core/Src/flow_controller.d" -MT"Core/Src/flow_controller.o" --specs=nano.specs -mfpu=fpv5-d16 -mfloat-abi=hard -mthumb -o "Core/Src/flow_controller.o"
arm-none-eabi-gcc -o "nucleo-f767zi-automation.elf" @"objects.list"   -mcpu=cortex-m7 -T"C:\Users\oneju\STM32CubeIDE\seniorproject\stm_workplace\nucleo-f767zi-automation\STM32F767ZITX_FLASH.ld" --specs=nosys.specs -Wl,-Map="nucleo-f767zi-automation.map" -Wl,--gc-sections -static --specs=nano.specs -mfpu=fpv5-d16 -mfloat-abi=hard -mthumb -u _printf_float -Wl,--start-group -lc -lm -Wl,--end-group
Finished building target: nucleo-f767zi-automation.elf
 
arm-none-eabi-size  nucleo-f767zi-automation.elf 
arm-none-eabi-objdump -h -S nucleo-f767zi-automation.elf  > "nucleo-f767zi-automation.list"
   text	   data	    bss	    dec	    hex	filename
  32032	    796	   3772	  36600	   8ef8	nucleo-f767zi-automation.elf
Finished building: default.size.stdout
 
Finished building: nucleo-f767zi-automation.list
 

19:40:05 Build Finished. 0 errors, 0 warnings. (took 1s.24ms)

