21:50:50 **** Incremental Build of configuration Debug for project SeniorDesign ****
make -j12 all 
arm-none-eabi-gcc "../Core/Src/main.c" -mcpu=cortex-m7 -std=gnu11 -g3 -DDEBUG -DUSE_HAL_DRIVER -DSTM32F767xx -c -I../Core/Inc -I../Drivers/STM32F7xx_HAL_Driver/Inc -I../Drivers/STM32F7xx_HAL_Driver/Inc/Legacy -I../Drivers/CMSIS/Device/ST/STM32F7xx/Include -I../Drivers/CMSIS/Include -I../Middlewares/Third_Party/FreeRTOS/Source/include -I../Middlewares/Third_Party/FreeRTOS/Source/CMSIS_RTOS_V2 -I../Middlewares/Third_Party/FreeRTOS/Source/portable/GCC/ARM_CM7/r0p1 -O0 -ffunction-sections -fdata-sections -Wall -fstack-usage -fcyclomatic-complexity -MMD -MP -MF"Core/Src/main.d" -MT"Core/Src/main.o" --specs=nano.specs -mfpu=fpv5-d16 -mfloat-abi=hard -mthumb -o "Core/Src/main.o"
arm-none-eabi-gcc -o "SeniorDesign.elf" @"objects.list"   -mcpu=cortex-m7 -T"C:\Users\mmorteo\OneDrive - ebaratech.com\Documents\GitHub\seniorproject\stm_workplace\SeniorDesign\STM32F767ZITX_FLASH.ld" --specs=nosys.specs -Wl,-Map="SeniorDesign.map" -Wl,--gc-sections -static -u _printf_float --specs=nano.specs -mfpu=fpv5-d16 -mfloat-abi=hard -mthumb -Wl,--start-group -lc -lm -Wl,--end-group
Finished building target: SeniorDesign.elf
 
arm-none-eabi-size  SeniorDesign.elf 
arm-none-eabi-objdump -h -S SeniorDesign.elf  > "SeniorDesign.list"
   text	   data	    bss	    dec	    hex	filename
  49596	    500	  22556	  72652	  11bcc	SeniorDesign.elf
Finished building: default.size.stdout
 
Finished building: SeniorDesign.list
 

21:50:51 Build Finished. 0 errors, 0 warnings. (took 1s.377ms)

