../Core/Src/main.c:106:5:main	8	static
../Core/Src/main.c:171:6:SystemClock_Config	88	static
../Core/Src/main.c:229:13:MX_ADC1_Init	24	static
../Core/Src/main.c:281:13:MX_ADC2_Init	24	static
../Core/Src/main.c:333:13:MX_DAC_Init	16	static
../Core/Src/main.c:373:13:MX_ETH_Init	8	static
../Core/Src/main.c:422:13:MX_USART3_UART_Init	8	static
../Core/Src/main.c:457:13:MX_USB_OTG_FS_PCD_Init	8	static
../Core/Src/main.c:492:13:MX_GPIO_Init	56	static
../Core/Src/main.c:550:6:Error_Handler	4	static,ignoring_inline_asm
