../Core/Src/main.c:106:5:main	8	static
../Core/Src/main.c:166:6:SystemClock_Config	88	static
../Core/Src/main.c:224:13:MX_ADC1_Init	24	static
../Core/Src/main.c:276:13:MX_ADC2_Init	24	static
../Core/Src/main.c:328:13:MX_DAC_Init	16	static
../Core/Src/main.c:368:13:MX_ETH_Init	8	static
../Core/Src/main.c:417:13:MX_USART3_UART_Init	8	static
../Core/Src/main.c:452:13:MX_USB_OTG_FS_PCD_Init	8	static
../Core/Src/main.c:487:13:MX_GPIO_Init	56	static
../Core/Src/main.c:545:6:Error_Handler	4	static,ignoring_inline_asm
