../Core/Inc/stepperMotor.h:36:6:stepperClose	4	static
../Core/Inc/stepperMotor.h:40:6:stepperOpen	4	static
../Core/Inc/stepperMotor.h:44:6:stepperStep	16	static
../Core/Inc/stepperMotor.h:52:6:recalibrate	8	static
../Core/Src/main.c:196:5:main	8	static
../Core/Src/main.c:308:6:SystemClock_Config	88	static
../Core/Src/main.c:366:13:MX_ADC1_Init	24	static
../Core/Src/main.c:428:13:MX_DAC_Init	16	static
../Core/Src/main.c:468:13:MX_TIM7_Init	24	static
../Core/Src/main.c:506:13:MX_TIM10_Init	8	static
../Core/Src/main.c:537:13:MX_USART3_UART_Init	8	static
../Core/Src/main.c:572:13:MX_USB_OTG_FS_PCD_Init	8	static
../Core/Src/main.c:607:13:MX_GPIO_Init	56	static
../Core/Src/main.c:718:6:HAL_UART_RxCpltCallback	16	static
../Core/Src/main.c:728:6:resetTime	4	static
../Core/Src/main.c:734:6:establishConnection	64	static
../Core/Src/main.c:758:6:StartDefaultTask	16	static
../Core/Src/main.c:1138:6:StartTask02	32	static
../Core/Src/main.c:1311:6:HAL_TIM_PeriodElapsedCallback	16	static
../Core/Src/main.c:1357:6:Error_Handler	4	static,ignoring_inline_asm
