../Core/Inc/stepperMotor.h:36:6:stepperClose	4	static
../Core/Inc/stepperMotor.h:40:6:stepperOpen	4	static
../Core/Inc/stepperMotor.h:44:6:stepperStep	16	static
../Core/Inc/stepperMotor.h:52:6:recalibrate	8	static
../Core/Src/main.c:194:5:main	8	static
../Core/Src/main.c:306:6:SystemClock_Config	88	static
../Core/Src/main.c:364:13:MX_ADC1_Init	24	static
../Core/Src/main.c:426:13:MX_DAC_Init	16	static
../Core/Src/main.c:466:13:MX_TIM10_Init	8	static
../Core/Src/main.c:497:13:MX_TIM11_Init	8	static
../Core/Src/main.c:528:13:MX_USART3_UART_Init	8	static
../Core/Src/main.c:563:13:MX_USB_OTG_FS_PCD_Init	8	static
../Core/Src/main.c:598:13:MX_GPIO_Init	56	static
../Core/Src/main.c:702:6:HAL_UART_RxCpltCallback	16	static
../Core/Src/main.c:712:6:resetTime	4	static
../Core/Src/main.c:727:6:StartDefaultTask	24	static
../Core/Src/main.c:1116:6:StartTask02	16	static
../Core/Src/main.c:1229:6:HAL_TIM_PeriodElapsedCallback	16	static
../Core/Src/main.c:1274:6:Error_Handler	4	static,ignoring_inline_asm
