../Core/Src/main.c:98:5:main	16	static
../Core/Src/main.c:161:6:SystemClock_Config	96	static
../Core/Src/main.c:205:13:MX_I2C1_Init	8	static
../Core/Src/main.c:253:13:MX_SPI1_Init	8	static
../Core/Src/main.c:293:13:MX_TIM6_Init	24	static
../Core/Src/main.c:331:13:MX_USART2_UART_Init	8	static
../Core/Src/main.c:366:13:MX_GPIO_Init	40	static
../Core/Src/main.c:392:6:HAL_GPIO_EXTI_Callback	32	static
../Core/Src/main.c:414:6:HAL_TIM_PeriodElapsedCallback	16	static
../Core/Src/main.c:422:6:sleepMode	8	static
../Core/Src/main.c:435:9:decToBcd	16	static
../Core/Src/main.c:438:5:bcdToDec	16	static
../Core/Src/main.c:441:6:setTime	48	static
../Core/Src/main.c:453:6:getTime	32	static
../Core/Src/main.c:470:6:Error_Handler	4	static,ignoring_inline_asm
