../Core/Src/main.c:100:5:main	16	static
../Core/Src/main.c:165:6:SystemClock_Config	96	static
../Core/Src/main.c:209:13:MX_I2C1_Init	8	static
../Core/Src/main.c:257:13:MX_SPI1_Init	8	static
../Core/Src/main.c:297:13:MX_TIM6_Init	24	static
../Core/Src/main.c:335:13:MX_USART2_UART_Init	8	static
../Core/Src/main.c:370:13:MX_GPIO_Init	40	static
../Core/Src/main.c:396:6:HAL_GPIO_EXTI_Callback	32	static
../Core/Src/main.c:418:6:HAL_TIM_PeriodElapsedCallback	16	static
../Core/Src/main.c:426:6:sleepMode	8	static
../Core/Src/main.c:439:9:decToBcd	16	static
../Core/Src/main.c:442:5:bcdToDec	16	static
../Core/Src/main.c:445:6:setTime	48	static
../Core/Src/main.c:457:6:getTime	32	static
../Core/Src/main.c:474:6:Error_Handler	4	static,ignoring_inline_asm
