../Core/Src/main.c:92:5:main	8	static
../Core/Src/main.c:145:6:SystemClock_Config	96	static
../Core/Src/main.c:191:13:MX_ADC1_Init	48	static
../Core/Src/main.c:257:13:MX_DAC1_Init	24	static
../Core/Src/main.c:297:13:MX_TIM17_Init	80	static
../Core/Src/main.c:360:13:MX_USART2_UART_Init	8	static
../Core/Src/main.c:395:13:MX_GPIO_Init	40	static
../Core/Src/main.c:417:6:HAL_TIM_PWM_PulseFinishedCallback	16	static
../Core/Src/main.c:424:6:HAL_UART_RxCpltCallback	16	static
../Core/Src/main.c:442:6:Error_Handler	4	static,ignoring_inline_asm
