../Core/Src/main.c:80:5:main	8	static
../Core/Src/main.c:138:6:SystemClock_Config	96	static
../Core/Src/main.c:184:13:MX_ADC1_Init	48	static
../Core/Src/main.c:250:13:MX_DAC1_Init	24	static
../Core/Src/main.c:290:13:MX_TIM7_Init	24	static
../Core/Src/main.c:328:13:MX_USART2_UART_Init	8	static
../Core/Src/main.c:363:13:MX_GPIO_Init	40	static
../Core/Src/main.c:402:6:HAL_TIM_PeriodElapsedCallback	16	static
../Core/Src/main.c:416:6:HAL_UART_RxCpltCallback	16	static
../Core/Src/main.c:434:6:Error_Handler	4	static,ignoring_inline_asm
